14:36:56 **** Build of project fsbl_bsp ****
make -k all 
"Running Make include in ps7_cortexa9_0/libsrc/axidma_v9_3/src"
make -C ps7_cortexa9_0/libsrc/axidma_v9_3/src -s include  "SHELL=CMD" "COMPILER=arm-none-eabi-gcc" "ARCHIVER=arm-none-eabi-ar" "COMPILER_FLAGS=  -O2 -c" "EXTRA_COMPILER_FLAGS=-mcpu=cortex-a9 -mfpu=vfpv3 -mfloat-abi=hard -nostartfiles"
"Running Make include in ps7_cortexa9_0/libsrc/coresightps_dcc_v1_3/src"
make -C ps7_cortexa9_0/libsrc/coresightps_dcc_v1_3/src -s include  "SHELL=CMD" "COMPILER=arm-none-eabi-gcc" "ARCHIVER=arm-none-eabi-ar" "COMPILER_FLAGS=  -O2 -c" "EXTRA_COMPILER_FLAGS=-mcpu=cortex-a9 -mfpu=vfpv3 -mfloat-abi=hard -nostartfiles"
"Running Make include in ps7_cortexa9_0/libsrc/cpu_cortexa9_v2_3/src"
make -C ps7_cortexa9_0/libsrc/cpu_cortexa9_v2_3/src -s include  "SHELL=CMD" "COMPILER=arm-none-eabi-gcc" "ARCHIVER=arm-none-eabi-ar" "COMPILER_FLAGS=  -O2 -c" "EXTRA_COMPILER_FLAGS=-mcpu=cortex-a9 -mfpu=vfpv3 -mfloat-abi=hard -nostartfiles"
"Running Make include in ps7_cortexa9_0/libsrc/ddrps_v1_0/src"
make -C ps7_cortexa9_0/libsrc/ddrps_v1_0/src -s include  "SHELL=CMD" "COMPILER=arm-none-eabi-gcc" "ARCHIVER=arm-none-eabi-ar" "COMPILER_FLAGS=  -O2 -c" "EXTRA_COMPILER_FLAGS=-mcpu=cortex-a9 -mfpu=vfpv3 -mfloat-abi=hard -nostartfiles"
"Running Make include in ps7_cortexa9_0/libsrc/devcfg_v3_4/src"
make -C ps7_cortexa9_0/libsrc/devcfg_v3_4/src -s include  "SHELL=CMD" "COMPILER=arm-none-eabi-gcc" "ARCHIVER=arm-none-eabi-ar" "COMPILER_FLAGS=  -O2 -c" "EXTRA_COMPILER_FLAGS=-mcpu=cortex-a9 -mfpu=vfpv3 -mfloat-abi=hard -nostartfiles"
"Running Make include in ps7_cortexa9_0/libsrc/dmaps_v2_3/src"
make -C ps7_cortexa9_0/libsrc/dmaps_v2_3/src -s include  "SHELL=CMD" "COMPILER=arm-none-eabi-gcc" "ARCHIVER=arm-none-eabi-ar" "COMPILER_FLAGS=  -O2 -c" "EXTRA_COMPILER_FLAGS=-mcpu=cortex-a9 -mfpu=vfpv3 -mfloat-abi=hard -nostartfiles"
"Running Make include in ps7_cortexa9_0/libsrc/emacps_v3_3/src"
make -C ps7_cortexa9_0/libsrc/emacps_v3_3/src -s include  "SHELL=CMD" "COMPILER=arm-none-eabi-gcc" "ARCHIVER=arm-none-eabi-ar" "COMPILER_FLAGS=  -O2 -c" "EXTRA_COMPILER_FLAGS=-mcpu=cortex-a9 -mfpu=vfpv3 -mfloat-abi=hard -nostartfiles"
"Running Make include in ps7_cortexa9_0/libsrc/gpio_v4_3/src"
make -C ps7_cortexa9_0/libsrc/gpio_v4_3/src -s include  "SHELL=CMD" "COMPILER=arm-none-eabi-gcc" "ARCHIVER=arm-none-eabi-ar" "COMPILER_FLAGS=  -O2 -c" "EXTRA_COMPILER_FLAGS=-mcpu=cortex-a9 -mfpu=vfpv3 -mfloat-abi=hard -nostartfiles"
"Running Make include in ps7_cortexa9_0/libsrc/gpiops_v3_1/src"
make -C ps7_cortexa9_0/libsrc/gpiops_v3_1/src -s include  "SHELL=CMD" "COMPILER=arm-none-eabi-gcc" "ARCHIVER=arm-none-eabi-ar" "COMPILER_FLAGS=  -O2 -c" "EXTRA_COMPILER_FLAGS=-mcpu=cortex-a9 -mfpu=vfpv3 -mfloat-abi=hard -nostartfiles"
"Running Make include in ps7_cortexa9_0/libsrc/qspips_v3_3/src"
make -C ps7_cortexa9_0/libsrc/qspips_v3_3/src -s include  "SHELL=CMD" "COMPILER=arm-none-eabi-gcc" "ARCHIVER=arm-none-eabi-ar" "COMPILER_FLAGS=  -O2 -c" "EXTRA_COMPILER_FLAGS=-mcpu=cortex-a9 -mfpu=vfpv3 -mfloat-abi=hard -nostartfiles"
"Running Make include in ps7_cortexa9_0/libsrc/scugic_v3_5/src"
make -C ps7_cortexa9_0/libsrc/scugic_v3_5/src -s include  "SHELL=CMD" "COMPILER=arm-none-eabi-gcc" "ARCHIVER=arm-none-eabi-ar" "COMPILER_FLAGS=  -O2 -c" "EXTRA_COMPILER_FLAGS=-mcpu=cortex-a9 -mfpu=vfpv3 -mfloat-abi=hard -nostartfiles"
"Running Make include in ps7_cortexa9_0/libsrc/scutimer_v2_1/src"
make -C ps7_cortexa9_0/libsrc/scutimer_v2_1/src -s include  "SHELL=CMD" "COMPILER=arm-none-eabi-gcc" "ARCHIVER=arm-none-eabi-ar" "COMPILER_FLAGS=  -O2 -c" "EXTRA_COMPILER_FLAGS=-mcpu=cortex-a9 -mfpu=vfpv3 -mfloat-abi=hard -nostartfiles"
"Running Make include in ps7_cortexa9_0/libsrc/scuwdt_v2_1/src"
make -C ps7_cortexa9_0/libsrc/scuwdt_v2_1/src -s include  "SHELL=CMD" "COMPILER=arm-none-eabi-gcc" "ARCHIVER=arm-none-eabi-ar" "COMPILER_FLAGS=  -O2 -c" "EXTRA_COMPILER_FLAGS=-mcpu=cortex-a9 -mfpu=vfpv3 -mfloat-abi=hard -nostartfiles"
"Running Make include in ps7_cortexa9_0/libsrc/sdps_v3_1/src"
make -C ps7_cortexa9_0/libsrc/sdps_v3_1/src -s include  "SHELL=CMD" "COMPILER=arm-none-eabi-gcc" "ARCHIVER=arm-none-eabi-ar" "COMPILER_FLAGS=  -O2 -c" "EXTRA_COMPILER_FLAGS=-mcpu=cortex-a9 -mfpu=vfpv3 -mfloat-abi=hard -nostartfiles"
"Running Make include in ps7_cortexa9_0/libsrc/standalone_v6_1/src"
make -C ps7_cortexa9_0/libsrc/standalone_v6_1/src -s include  "SHELL=CMD" "COMPILER=arm-none-eabi-gcc" "ARCHIVER=arm-none-eabi-ar" "COMPILER_FLAGS=  -O2 -c" "EXTRA_COMPILER_FLAGS=-mcpu=cortex-a9 -mfpu=vfpv3 -mfloat-abi=hard -nostartfiles"
"Running Make include in ps7_cortexa9_0/libsrc/ttcps_v3_2/src"
make -C ps7_cortexa9_0/libsrc/ttcps_v3_2/src -s include  "SHELL=CMD" "COMPILER=arm-none-eabi-gcc" "ARCHIVER=arm-none-eabi-ar" "COMPILER_FLAGS=  -O2 -c" "EXTRA_COMPILER_FLAGS=-mcpu=cortex-a9 -mfpu=vfpv3 -mfloat-abi=hard -nostartfiles"
"Running Make include in ps7_cortexa9_0/libsrc/uartps_v3_3/src"
make -C ps7_cortexa9_0/libsrc/uartps_v3_3/src -s include  "SHELL=CMD" "COMPILER=arm-none-eabi-gcc" "ARCHIVER=arm-none-eabi-ar" "COMPILER_FLAGS=  -O2 -c" "EXTRA_COMPILER_FLAGS=-mcpu=cortex-a9 -mfpu=vfpv3 -mfloat-abi=hard -nostartfiles"
"Running Make include in ps7_cortexa9_0/libsrc/usbps_v2_4/src"
make -C ps7_cortexa9_0/libsrc/usbps_v2_4/src -s include  "SHELL=CMD" "COMPILER=arm-none-eabi-gcc" "ARCHIVER=arm-none-eabi-ar" "COMPILER_FLAGS=  -O2 -c" "EXTRA_COMPILER_FLAGS=-mcpu=cortex-a9 -mfpu=vfpv3 -mfloat-abi=hard -nostartfiles"
"Running Make include in ps7_cortexa9_0/libsrc/xadcps_v2_2/src"
make -C ps7_cortexa9_0/libsrc/xadcps_v2_2/src -s include  "SHELL=CMD" "COMPILER=arm-none-eabi-gcc" "ARCHIVER=arm-none-eabi-ar" "COMPILER_FLAGS=  -O2 -c" "EXTRA_COMPILER_FLAGS=-mcpu=cortex-a9 -mfpu=vfpv3 -mfloat-abi=hard -nostartfiles"
"Running Make include in ps7_cortexa9_0/libsrc/xilffs_v3_5/src"
make -C ps7_cortexa9_0/libsrc/xilffs_v3_5/src -s include  "SHELL=CMD" "COMPILER=arm-none-eabi-gcc" "ARCHIVER=arm-none-eabi-ar" "COMPILER_FLAGS=  -O2 -c" "EXTRA_COMPILER_FLAGS=-mcpu=cortex-a9 -mfpu=vfpv3 -mfloat-abi=hard -nostartfiles"
"Running Make include in ps7_cortexa9_0/libsrc/xilrsa_v1_2/src"
make -C ps7_cortexa9_0/libsrc/xilrsa_v1_2/src -s include  "SHELL=CMD" "COMPILER=arm-none-eabi-gcc" "ARCHIVER=arm-none-eabi-ar" "COMPILER_FLAGS=  -O2 -c" "EXTRA_COMPILER_FLAGS=-mcpu=cortex-a9 -mfpu=vfpv3 -mfloat-abi=hard -nostartfiles"
"Running Make libs in ps7_cortexa9_0/libsrc/axidma_v9_3/src"
make -C ps7_cortexa9_0/libsrc/axidma_v9_3/src -s libs  "SHELL=CMD" "COMPILER=arm-none-eabi-gcc" "ARCHIVER=arm-none-eabi-ar" "COMPILER_FLAGS=  -O2 -c" "EXTRA_COMPILER_FLAGS=-mcpu=cortex-a9 -mfpu=vfpv3 -mfloat-abi=hard -nostartfiles"
"Compiling axidma"
arm-none-eabi-ar: creating ../../../lib/libxil.a
"Running Make libs in ps7_cortexa9_0/libsrc/coresightps_dcc_v1_3/src"
make -C ps7_cortexa9_0/libsrc/coresightps_dcc_v1_3/src -s libs  "SHELL=CMD" "COMPILER=arm-none-eabi-gcc" "ARCHIVER=arm-none-eabi-ar" "COMPILER_FLAGS=  -O2 -c" "EXTRA_COMPILER_FLAGS=-mcpu=cortex-a9 -mfpu=vfpv3 -mfloat-abi=hard -nostartfiles"
"Compiling coresightps_dcc"
"Running Make libs in ps7_cortexa9_0/libsrc/cpu_cortexa9_v2_3/src"
make -C ps7_cortexa9_0/libsrc/cpu_cortexa9_v2_3/src -s libs  "SHELL=CMD" "COMPILER=arm-none-eabi-gcc" "ARCHIVER=arm-none-eabi-ar" "COMPILER_FLAGS=  -O2 -c" "EXTRA_COMPILER_FLAGS=-mcpu=cortex-a9 -mfpu=vfpv3 -mfloat-abi=hard -nostartfiles"
"Compiling cpu_cortexa9"
"Running Make libs in ps7_cortexa9_0/libsrc/ddrps_v1_0/src"
make -C ps7_cortexa9_0/libsrc/ddrps_v1_0/src -s libs  "SHELL=CMD" "COMPILER=arm-none-eabi-gcc" "ARCHIVER=arm-none-eabi-ar" "COMPILER_FLAGS=  -O2 -c" "EXTRA_COMPILER_FLAGS=-mcpu=cortex-a9 -mfpu=vfpv3 -mfloat-abi=hard -nostartfiles"
"Compiling ddrps"
"Running Make libs in ps7_cortexa9_0/libsrc/devcfg_v3_4/src"
make -C ps7_cortexa9_0/libsrc/devcfg_v3_4/src -s libs  "SHELL=CMD" "COMPILER=arm-none-eabi-gcc" "ARCHIVER=arm-none-eabi-ar" "COMPILER_FLAGS=  -O2 -c" "EXTRA_COMPILER_FLAGS=-mcpu=cortex-a9 -mfpu=vfpv3 -mfloat-abi=hard -nostartfiles"
"Compiling devcfg"
"Running Make libs in ps7_cortexa9_0/libsrc/dmaps_v2_3/src"
make -C ps7_cortexa9_0/libsrc/dmaps_v2_3/src -s libs  "SHELL=CMD" "COMPILER=arm-none-eabi-gcc" "ARCHIVER=arm-none-eabi-ar" "COMPILER_FLAGS=  -O2 -c" "EXTRA_COMPILER_FLAGS=-mcpu=cortex-a9 -mfpu=vfpv3 -mfloat-abi=hard -nostartfiles"
"Compiling dmaps"
"Running Make libs in ps7_cortexa9_0/libsrc/emacps_v3_3/src"
make -C ps7_cortexa9_0/libsrc/emacps_v3_3/src -s libs  "SHELL=CMD" "COMPILER=arm-none-eabi-gcc" "ARCHIVER=arm-none-eabi-ar" "COMPILER_FLAGS=  -O2 -c" "EXTRA_COMPILER_FLAGS=-mcpu=cortex-a9 -mfpu=vfpv3 -mfloat-abi=hard -nostartfiles"
"Compiling emacps"
"Running Make libs in ps7_cortexa9_0/libsrc/gpio_v4_3/src"
make -C ps7_cortexa9_0/libsrc/gpio_v4_3/src -s libs  "SHELL=CMD" "COMPILER=arm-none-eabi-gcc" "ARCHIVER=arm-none-eabi-ar" "COMPILER_FLAGS=  -O2 -c" "EXTRA_COMPILER_FLAGS=-mcpu=cortex-a9 -mfpu=vfpv3 -mfloat-abi=hard -nostartfiles"
"Compiling gpio"
"Running Make libs in ps7_cortexa9_0/libsrc/gpiops_v3_1/src"
make -C ps7_cortexa9_0/libsrc/gpiops_v3_1/src -s libs  "SHELL=CMD" "COMPILER=arm-none-eabi-gcc" "ARCHIVER=arm-none-eabi-ar" "COMPILER_FLAGS=  -O2 -c" "EXTRA_COMPILER_FLAGS=-mcpu=cortex-a9 -mfpu=vfpv3 -mfloat-abi=hard -nostartfiles"
"Compiling gpiops"
"Running Make libs in ps7_cortexa9_0/libsrc/qspips_v3_3/src"
make -C ps7_cortexa9_0/libsrc/qspips_v3_3/src -s libs  "SHELL=CMD" "COMPILER=arm-none-eabi-gcc" "ARCHIVER=arm-none-eabi-ar" "COMPILER_FLAGS=  -O2 -c" "EXTRA_COMPILER_FLAGS=-mcpu=cortex-a9 -mfpu=vfpv3 -mfloat-abi=hard -nostartfiles"
"Compiling qspips"
"Running Make libs in ps7_cortexa9_0/libsrc/scugic_v3_5/src"
make -C ps7_cortexa9_0/libsrc/scugic_v3_5/src -s libs  "SHELL=CMD" "COMPILER=arm-none-eabi-gcc" "ARCHIVER=arm-none-eabi-ar" "COMPILER_FLAGS=  -O2 -c" "EXTRA_COMPILER_FLAGS=-mcpu=cortex-a9 -mfpu=vfpv3 -mfloat-abi=hard -nostartfiles"
"Compiling scugic"
"Running Make libs in ps7_cortexa9_0/libsrc/scutimer_v2_1/src"
make -C ps7_cortexa9_0/libsrc/scutimer_v2_1/src -s libs  "SHELL=CMD" "COMPILER=arm-none-eabi-gcc" "ARCHIVER=arm-none-eabi-ar" "COMPILER_FLAGS=  -O2 -c" "EXTRA_COMPILER_FLAGS=-mcpu=cortex-a9 -mfpu=vfpv3 -mfloat-abi=hard -nostartfiles"
"Compiling scutimer"
"Running Make libs in ps7_cortexa9_0/libsrc/scuwdt_v2_1/src"
make -C ps7_cortexa9_0/libsrc/scuwdt_v2_1/src -s libs  "SHELL=CMD" "COMPILER=arm-none-eabi-gcc" "ARCHIVER=arm-none-eabi-ar" "COMPILER_FLAGS=  -O2 -c" "EXTRA_COMPILER_FLAGS=-mcpu=cortex-a9 -mfpu=vfpv3 -mfloat-abi=hard -nostartfiles"
"Compiling scuwdt"
"Running Make libs in ps7_cortexa9_0/libsrc/sdps_v3_1/src"
make -C ps7_cortexa9_0/libsrc/sdps_v3_1/src -s libs  "SHELL=CMD" "COMPILER=arm-none-eabi-gcc" "ARCHIVER=arm-none-eabi-ar" "COMPILER_FLAGS=  -O2 -c" "EXTRA_COMPILER_FLAGS=-mcpu=cortex-a9 -mfpu=vfpv3 -mfloat-abi=hard -nostartfiles"
"Compiling sdps"
"Running Make libs in ps7_cortexa9_0/libsrc/standalone_v6_1/src"
make -C ps7_cortexa9_0/libsrc/standalone_v6_1/src -s libs  "SHELL=CMD" "COMPILER=arm-none-eabi-gcc" "ARCHIVER=arm-none-eabi-ar" "COMPILER_FLAGS=  -O2 -c" "EXTRA_COMPILER_FLAGS=-mcpu=cortex-a9 -mfpu=vfpv3 -mfloat-abi=hard -nostartfiles"
"Compiling standalone"
"Running Make libs in ps7_cortexa9_0/libsrc/ttcps_v3_2/src"
make -C ps7_cortexa9_0/libsrc/ttcps_v3_2/src -s libs  "SHELL=CMD" "COMPILER=arm-none-eabi-gcc" "ARCHIVER=arm-none-eabi-ar" "COMPILER_FLAGS=  -O2 -c" "EXTRA_COMPILER_FLAGS=-mcpu=cortex-a9 -mfpu=vfpv3 -mfloat-abi=hard -nostartfiles"
"Compiling ttcps"
"Running Make libs in ps7_cortexa9_0/libsrc/uartps_v3_3/src"
make -C ps7_cortexa9_0/libsrc/uartps_v3_3/src -s libs  "SHELL=CMD" "COMPILER=arm-none-eabi-gcc" "ARCHIVER=arm-none-eabi-ar" "COMPILER_FLAGS=  -O2 -c" "EXTRA_COMPILER_FLAGS=-mcpu=cortex-a9 -mfpu=vfpv3 -mfloat-abi=hard -nostartfiles"
"Compiling uartps"
"Running Make libs in ps7_cortexa9_0/libsrc/usbps_v2_4/src"
make -C ps7_cortexa9_0/libsrc/usbps_v2_4/src -s libs  "SHELL=CMD" "COMPILER=arm-none-eabi-gcc" "ARCHIVER=arm-none-eabi-ar" "COMPILER_FLAGS=  -O2 -c" "EXTRA_COMPILER_FLAGS=-mcpu=cortex-a9 -mfpu=vfpv3 -mfloat-abi=hard -nostartfiles"
"Compiling usbps"
"Running Make libs in ps7_cortexa9_0/libsrc/xadcps_v2_2/src"
make -C ps7_cortexa9_0/libsrc/xadcps_v2_2/src -s libs  "SHELL=CMD" "COMPILER=arm-none-eabi-gcc" "ARCHIVER=arm-none-eabi-ar" "COMPILER_FLAGS=  -O2 -c" "EXTRA_COMPILER_FLAGS=-mcpu=cortex-a9 -mfpu=vfpv3 -mfloat-abi=hard -nostartfiles"
"Compiling xadcps"
"Running Make libs in ps7_cortexa9_0/libsrc/xilffs_v3_5/src"
make -C ps7_cortexa9_0/libsrc/xilffs_v3_5/src -s libs  "SHELL=CMD" "COMPILER=arm-none-eabi-gcc" "ARCHIVER=arm-none-eabi-ar" "COMPILER_FLAGS=  -O2 -c" "EXTRA_COMPILER_FLAGS=-mcpu=cortex-a9 -mfpu=vfpv3 -mfloat-abi=hard -nostartfiles"
"Compiling XilFFs Library"
"Running Make libs in ps7_cortexa9_0/libsrc/xilrsa_v1_2/src"
make -C ps7_cortexa9_0/libsrc/xilrsa_v1_2/src -s libs  "SHELL=CMD" "COMPILER=arm-none-eabi-gcc" "ARCHIVER=arm-none-eabi-ar" "COMPILER_FLAGS=  -O2 -c" "EXTRA_COMPILER_FLAGS=-mcpu=cortex-a9 -mfpu=vfpv3 -mfloat-abi=hard -nostartfiles"
'Finished building libraries'
14:37:16 **** Build of configuration Debug for project fsbl ****
make pre-build main-build 
a9-linaro-pre-build-step
' '
'Building file: ../src/fsbl_handoff.S'
'Invoking: ARM v7 gcc compiler'
arm-none-eabi-gcc -Wall -O0 -g3 -I"C:\Users\kab\Desktop\workspace\ZedBoard_DMA_SampleGenerator\ZedBoard_DMA_SampleGenerator.sdk\design_dma_wrapper_hw_platform_0" -c -fmessage-length=0 -MT"src/fsbl_handoff.o" -mcpu=cortex-a9 -mfpu=vfpv3 -mfloat-abi=hard -I../../fsbl_bsp/ps7_cortexa9_0/include -MMD -MP -MF"src/fsbl_handoff.d" -MT"src/fsbl_handoff.o" -o "src/fsbl_handoff.o" "../src/fsbl_handoff.S"
'Finished building: ../src/fsbl_handoff.S'
' '
'Building file: ../src/fsbl_hooks.c'
'Invoking: ARM v7 gcc compiler'
arm-none-eabi-gcc -Wall -O0 -g3 -I"C:\Users\kab\Desktop\workspace\ZedBoard_DMA_SampleGenerator\ZedBoard_DMA_SampleGenerator.sdk\design_dma_wrapper_hw_platform_0" -c -fmessage-length=0 -MT"src/fsbl_hooks.o" -mcpu=cortex-a9 -mfpu=vfpv3 -mfloat-abi=hard -I../../fsbl_bsp/ps7_cortexa9_0/include -MMD -MP -MF"src/fsbl_hooks.d" -MT"src/fsbl_hooks.o" -o "src/fsbl_hooks.o" "../src/fsbl_hooks.c"
'Finished building: ../src/fsbl_hooks.c'
' '
'Building file: ../src/image_mover.c'
'Invoking: ARM v7 gcc compiler'
arm-none-eabi-gcc -Wall -O0 -g3 -I"C:\Users\kab\Desktop\workspace\ZedBoard_DMA_SampleGenerator\ZedBoard_DMA_SampleGenerator.sdk\design_dma_wrapper_hw_platform_0" -c -fmessage-length=0 -MT"src/image_mover.o" -mcpu=cortex-a9 -mfpu=vfpv3 -mfloat-abi=hard -I../../fsbl_bsp/ps7_cortexa9_0/include -MMD -MP -MF"src/image_mover.d" -MT"src/image_mover.o" -o "src/image_mover.o" "../src/image_mover.c"
'Finished building: ../src/image_mover.c'
' '
'Building file: ../src/main.c'
'Invoking: ARM v7 gcc compiler'
arm-none-eabi-gcc -Wall -O0 -g3 -I"C:\Users\kab\Desktop\workspace\ZedBoard_DMA_SampleGenerator\ZedBoard_DMA_SampleGenerator.sdk\design_dma_wrapper_hw_platform_0" -c -fmessage-length=0 -MT"src/main.o" -mcpu=cortex-a9 -mfpu=vfpv3 -mfloat-abi=hard -I../../fsbl_bsp/ps7_cortexa9_0/include -MMD -MP -MF"src/main.d" -MT"src/main.o" -o "src/main.o" "../src/main.c"
'Finished building: ../src/main.c'
' '
'Building file: ../src/md5.c'
'Invoking: ARM v7 gcc compiler'
arm-none-eabi-gcc -Wall -O0 -g3 -I"C:\Users\kab\Desktop\workspace\ZedBoard_DMA_SampleGenerator\ZedBoard_DMA_SampleGenerator.sdk\design_dma_wrapper_hw_platform_0" -c -fmessage-length=0 -MT"src/md5.o" -mcpu=cortex-a9 -mfpu=vfpv3 -mfloat-abi=hard -I../../fsbl_bsp/ps7_cortexa9_0/include -MMD -MP -MF"src/md5.d" -MT"src/md5.o" -o "src/md5.o" "../src/md5.c"
'Finished building: ../src/md5.c'
' '
'Building file: ../src/nand.c'
'Invoking: ARM v7 gcc compiler'
arm-none-eabi-gcc -Wall -O0 -g3 -I"C:\Users\kab\Desktop\workspace\ZedBoard_DMA_SampleGenerator\ZedBoard_DMA_SampleGenerator.sdk\design_dma_wrapper_hw_platform_0" -c -fmessage-length=0 -MT"src/nand.o" -mcpu=cortex-a9 -mfpu=vfpv3 -mfloat-abi=hard -I../../fsbl_bsp/ps7_cortexa9_0/include -MMD -MP -MF"src/nand.d" -MT"src/nand.o" -o "src/nand.o" "../src/nand.c"
'Finished building: ../src/nand.c'
' '
'Building file: ../src/nor.c'
'Invoking: ARM v7 gcc compiler'
arm-none-eabi-gcc -Wall -O0 -g3 -I"C:\Users\kab\Desktop\workspace\ZedBoard_DMA_SampleGenerator\ZedBoard_DMA_SampleGenerator.sdk\design_dma_wrapper_hw_platform_0" -c -fmessage-length=0 -MT"src/nor.o" -mcpu=cortex-a9 -mfpu=vfpv3 -mfloat-abi=hard -I../../fsbl_bsp/ps7_cortexa9_0/include -MMD -MP -MF"src/nor.d" -MT"src/nor.o" -o "src/nor.o" "../src/nor.c"
'Finished building: ../src/nor.c'
' '
'Building file: ../src/pcap.c'
'Invoking: ARM v7 gcc compiler'
arm-none-eabi-gcc -Wall -O0 -g3 -I"C:\Users\kab\Desktop\workspace\ZedBoard_DMA_SampleGenerator\ZedBoard_DMA_SampleGenerator.sdk\design_dma_wrapper_hw_platform_0" -c -fmessage-length=0 -MT"src/pcap.o" -mcpu=cortex-a9 -mfpu=vfpv3 -mfloat-abi=hard -I../../fsbl_bsp/ps7_cortexa9_0/include -MMD -MP -MF"src/pcap.d" -MT"src/pcap.o" -o "src/pcap.o" "../src/pcap.c"
'Finished building: ../src/pcap.c'
' '
'Building file: C:/Users/kab/Desktop/workspace/ZedBoard_DMA_SampleGenerator/ZedBoard_DMA_SampleGenerator.sdk/design_dma_wrapper_hw_platform_0/ps7_init.c'
'Invoking: ARM v7 gcc compiler'
arm-none-eabi-gcc -Wall -O0 -g3 -I"C:\Users\kab\Desktop\workspace\ZedBoard_DMA_SampleGenerator\ZedBoard_DMA_SampleGenerator.sdk\design_dma_wrapper_hw_platform_0" -c -fmessage-length=0 -MT"src/ps7_init.o" -mcpu=cortex-a9 -mfpu=vfpv3 -mfloat-abi=hard -I../../fsbl_bsp/ps7_cortexa9_0/include -MMD -MP -MF"src/ps7_init.d" -MT"src/ps7_init.o" -o "src/ps7_init.o" "C:/Users/kab/Desktop/workspace/ZedBoard_DMA_SampleGenerator/ZedBoard_DMA_SampleGenerator.sdk/design_dma_wrapper_hw_platform_0/ps7_init.c"
'Finished building: C:/Users/kab/Desktop/workspace/ZedBoard_DMA_SampleGenerator/ZedBoard_DMA_SampleGenerator.sdk/design_dma_wrapper_hw_platform_0/ps7_init.c'
' '
'Building file: ../src/qspi.c'
'Invoking: ARM v7 gcc compiler'
arm-none-eabi-gcc -Wall -O0 -g3 -I"C:\Users\kab\Desktop\workspace\ZedBoard_DMA_SampleGenerator\ZedBoard_DMA_SampleGenerator.sdk\design_dma_wrapper_hw_platform_0" -c -fmessage-length=0 -MT"src/qspi.o" -mcpu=cortex-a9 -mfpu=vfpv3 -mfloat-abi=hard -I../../fsbl_bsp/ps7_cortexa9_0/include -MMD -MP -MF"src/qspi.d" -MT"src/qspi.o" -o "src/qspi.o" "../src/qspi.c"
'Finished building: ../src/qspi.c'
' '
'Building file: ../src/rsa.c'
'Invoking: ARM v7 gcc compiler'
arm-none-eabi-gcc -Wall -O0 -g3 -I"C:\Users\kab\Desktop\workspace\ZedBoard_DMA_SampleGenerator\ZedBoard_DMA_SampleGenerator.sdk\design_dma_wrapper_hw_platform_0" -c -fmessage-length=0 -MT"src/rsa.o" -mcpu=cortex-a9 -mfpu=vfpv3 -mfloat-abi=hard -I../../fsbl_bsp/ps7_cortexa9_0/include -MMD -MP -MF"src/rsa.d" -MT"src/rsa.o" -o "src/rsa.o" "../src/rsa.c"
'Finished building: ../src/rsa.c'
' '
'Building file: ../src/sd.c'
'Invoking: ARM v7 gcc compiler'
arm-none-eabi-gcc -Wall -O0 -g3 -I"C:\Users\kab\Desktop\workspace\ZedBoard_DMA_SampleGenerator\ZedBoard_DMA_SampleGenerator.sdk\design_dma_wrapper_hw_platform_0" -c -fmessage-length=0 -MT"src/sd.o" -mcpu=cortex-a9 -mfpu=vfpv3 -mfloat-abi=hard -I../../fsbl_bsp/ps7_cortexa9_0/include -MMD -MP -MF"src/sd.d" -MT"src/sd.o" -o "src/sd.o" "../src/sd.c"
'Finished building: ../src/sd.c'
' '
'Building target: fsbl.elf'
'Invoking: ARM v7 gcc linker'
arm-none-eabi-gcc -mcpu=cortex-a9 -mfpu=vfpv3 -mfloat-abi=hard -Wl,-build-id=none -specs=Xilinx.spec -Wl,-T -Wl,../src/lscript.ld -L../../fsbl_bsp/ps7_cortexa9_0/lib -o "fsbl.elf"  ./src/fsbl_handoff.o ./src/fsbl_hooks.o ./src/image_mover.o ./src/main.o ./src/md5.o ./src/nand.o ./src/nor.o ./src/pcap.o ./src/ps7_init.o ./src/qspi.o ./src/rsa.o ./src/sd.o   -Wl,--start-group,-lxil,-lgcc,-lc,--end-group -Wl,--start-group,-lxilffs,-lxil,-lgcc,-lc,--end-group -Wl,--start-group,-lrsa,-lxil,-lgcc,-lc,--end-group
'Finished building target: fsbl.elf'
' '
'Invoking: ARM v7 Print Size'
arm-none-eabi-size fsbl.elf  |tee "fsbl.elf.size"
   text	   data	    bss	    dec	    hex	filename
  77696	  11480	  74344	 163520	  27ec0	fsbl.elf
'Finished building: fsbl.elf.size'
' '
14:40:02 **** Auto Build of configuration Debug for project fsbl ****
make pre-build main-build 
a9-linaro-pre-build-step
' '
'Building file: ../src/main.c'
'Invoking: ARM v7 gcc compiler'
arm-none-eabi-gcc -Wall -O0 -g3 -I"C:\Users\kab\Desktop\workspace\ZedBoard_DMA_SampleGenerator\ZedBoard_DMA_SampleGenerator.sdk\design_dma_wrapper_hw_platform_0" -c -fmessage-length=0 -MT"src/main.o" -mcpu=cortex-a9 -mfpu=vfpv3 -mfloat-abi=hard -I../../fsbl_bsp/ps7_cortexa9_0/include -MMD -MP -MF"src/main.d" -MT"src/main.o" -o "src/main.o" "../src/main.c"
'Finished building: ../src/main.c'
' '
'Building target: fsbl.elf'
'Invoking: ARM v7 gcc linker'
arm-none-eabi-gcc -mcpu=cortex-a9 -mfpu=vfpv3 -mfloat-abi=hard -Wl,-build-id=none -specs=Xilinx.spec -Wl,-T -Wl,../src/lscript.ld -L../../fsbl_bsp/ps7_cortexa9_0/lib -o "fsbl.elf"  ./src/fsbl_handoff.o ./src/fsbl_hooks.o ./src/image_mover.o ./src/main.o ./src/md5.o ./src/nand.o ./src/nor.o ./src/pcap.o ./src/ps7_init.o ./src/qspi.o ./src/rsa.o ./src/sd.o   -Wl,--start-group,-lxil,-lgcc,-lc,--end-group -Wl,--start-group,-lxilffs,-lxil,-lgcc,-lc,--end-group -Wl,--start-group,-lrsa,-lxil,-lgcc,-lc,--end-group
'Finished building target: fsbl.elf'
' '
'Invoking: ARM v7 Print Size'
arm-none-eabi-size fsbl.elf  |tee "fsbl.elf.size"
   text	   data	    bss	    dec	    hex	filename
  78792	  11480	  74344	 164616	  28308	fsbl.elf
'Finished building: fsbl.elf.size'
' '
14:47:03 **** Incremental Build of configuration Debug for project fsbl ****
make pre-build main-build 
a9-linaro-pre-build-step
' '
make: Nothing to be done for `main-build'.
14:49:54 **** Build of project hello_world_bsp ****
make -k all 
"Running Make include in ps7_cortexa9_0/libsrc/axidma_v9_3/src"
make -C ps7_cortexa9_0/libsrc/axidma_v9_3/src -s include  "SHELL=CMD" "COMPILER=arm-none-eabi-gcc" "ARCHIVER=arm-none-eabi-ar" "COMPILER_FLAGS=  -O2 -c" "EXTRA_COMPILER_FLAGS=-mcpu=cortex-a9 -mfpu=vfpv3 -mfloat-abi=hard -nostartfiles"
"Running Make include in ps7_cortexa9_0/libsrc/coresightps_dcc_v1_3/src"
make -C ps7_cortexa9_0/libsrc/coresightps_dcc_v1_3/src -s include  "SHELL=CMD" "COMPILER=arm-none-eabi-gcc" "ARCHIVER=arm-none-eabi-ar" "COMPILER_FLAGS=  -O2 -c" "EXTRA_COMPILER_FLAGS=-mcpu=cortex-a9 -mfpu=vfpv3 -mfloat-abi=hard -nostartfiles"
"Running Make include in ps7_cortexa9_0/libsrc/cpu_cortexa9_v2_3/src"
make -C ps7_cortexa9_0/libsrc/cpu_cortexa9_v2_3/src -s include  "SHELL=CMD" "COMPILER=arm-none-eabi-gcc" "ARCHIVER=arm-none-eabi-ar" "COMPILER_FLAGS=  -O2 -c" "EXTRA_COMPILER_FLAGS=-mcpu=cortex-a9 -mfpu=vfpv3 -mfloat-abi=hard -nostartfiles"
"Running Make include in ps7_cortexa9_0/libsrc/ddrps_v1_0/src"
make -C ps7_cortexa9_0/libsrc/ddrps_v1_0/src -s include  "SHELL=CMD" "COMPILER=arm-none-eabi-gcc" "ARCHIVER=arm-none-eabi-ar" "COMPILER_FLAGS=  -O2 -c" "EXTRA_COMPILER_FLAGS=-mcpu=cortex-a9 -mfpu=vfpv3 -mfloat-abi=hard -nostartfiles"
"Running Make include in ps7_cortexa9_0/libsrc/devcfg_v3_4/src"
make -C ps7_cortexa9_0/libsrc/devcfg_v3_4/src -s include  "SHELL=CMD" "COMPILER=arm-none-eabi-gcc" "ARCHIVER=arm-none-eabi-ar" "COMPILER_FLAGS=  -O2 -c" "EXTRA_COMPILER_FLAGS=-mcpu=cortex-a9 -mfpu=vfpv3 -mfloat-abi=hard -nostartfiles"
"Running Make include in ps7_cortexa9_0/libsrc/dmaps_v2_3/src"
make -C ps7_cortexa9_0/libsrc/dmaps_v2_3/src -s include  "SHELL=CMD" "COMPILER=arm-none-eabi-gcc" "ARCHIVER=arm-none-eabi-ar" "COMPILER_FLAGS=  -O2 -c" "EXTRA_COMPILER_FLAGS=-mcpu=cortex-a9 -mfpu=vfpv3 -mfloat-abi=hard -nostartfiles"
"Running Make include in ps7_cortexa9_0/libsrc/emacps_v3_3/src"
make -C ps7_cortexa9_0/libsrc/emacps_v3_3/src -s include  "SHELL=CMD" "COMPILER=arm-none-eabi-gcc" "ARCHIVER=arm-none-eabi-ar" "COMPILER_FLAGS=  -O2 -c" "EXTRA_COMPILER_FLAGS=-mcpu=cortex-a9 -mfpu=vfpv3 -mfloat-abi=hard -nostartfiles"
"Running Make include in ps7_cortexa9_0/libsrc/gpio_v4_3/src"
make -C ps7_cortexa9_0/libsrc/gpio_v4_3/src -s include  "SHELL=CMD" "COMPILER=arm-none-eabi-gcc" "ARCHIVER=arm-none-eabi-ar" "COMPILER_FLAGS=  -O2 -c" "EXTRA_COMPILER_FLAGS=-mcpu=cortex-a9 -mfpu=vfpv3 -mfloat-abi=hard -nostartfiles"
"Running Make include in ps7_cortexa9_0/libsrc/gpiops_v3_1/src"
make -C ps7_cortexa9_0/libsrc/gpiops_v3_1/src -s include  "SHELL=CMD" "COMPILER=arm-none-eabi-gcc" "ARCHIVER=arm-none-eabi-ar" "COMPILER_FLAGS=  -O2 -c" "EXTRA_COMPILER_FLAGS=-mcpu=cortex-a9 -mfpu=vfpv3 -mfloat-abi=hard -nostartfiles"
"Running Make include in ps7_cortexa9_0/libsrc/qspips_v3_3/src"
make -C ps7_cortexa9_0/libsrc/qspips_v3_3/src -s include  "SHELL=CMD" "COMPILER=arm-none-eabi-gcc" "ARCHIVER=arm-none-eabi-ar" "COMPILER_FLAGS=  -O2 -c" "EXTRA_COMPILER_FLAGS=-mcpu=cortex-a9 -mfpu=vfpv3 -mfloat-abi=hard -nostartfiles"
"Running Make include in ps7_cortexa9_0/libsrc/scugic_v3_5/src"
make -C ps7_cortexa9_0/libsrc/scugic_v3_5/src -s include  "SHELL=CMD" "COMPILER=arm-none-eabi-gcc" "ARCHIVER=arm-none-eabi-ar" "COMPILER_FLAGS=  -O2 -c" "EXTRA_COMPILER_FLAGS=-mcpu=cortex-a9 -mfpu=vfpv3 -mfloat-abi=hard -nostartfiles"
"Running Make include in ps7_cortexa9_0/libsrc/scutimer_v2_1/src"
make -C ps7_cortexa9_0/libsrc/scutimer_v2_1/src -s include  "SHELL=CMD" "COMPILER=arm-none-eabi-gcc" "ARCHIVER=arm-none-eabi-ar" "COMPILER_FLAGS=  -O2 -c" "EXTRA_COMPILER_FLAGS=-mcpu=cortex-a9 -mfpu=vfpv3 -mfloat-abi=hard -nostartfiles"
"Running Make include in ps7_cortexa9_0/libsrc/scuwdt_v2_1/src"
make -C ps7_cortexa9_0/libsrc/scuwdt_v2_1/src -s include  "SHELL=CMD" "COMPILER=arm-none-eabi-gcc" "ARCHIVER=arm-none-eabi-ar" "COMPILER_FLAGS=  -O2 -c" "EXTRA_COMPILER_FLAGS=-mcpu=cortex-a9 -mfpu=vfpv3 -mfloat-abi=hard -nostartfiles"
"Running Make include in ps7_cortexa9_0/libsrc/sdps_v3_1/src"
make -C ps7_cortexa9_0/libsrc/sdps_v3_1/src -s include  "SHELL=CMD" "COMPILER=arm-none-eabi-gcc" "ARCHIVER=arm-none-eabi-ar" "COMPILER_FLAGS=  -O2 -c" "EXTRA_COMPILER_FLAGS=-mcpu=cortex-a9 -mfpu=vfpv3 -mfloat-abi=hard -nostartfiles"
"Running Make include in ps7_cortexa9_0/libsrc/standalone_v6_1/src"
make -C ps7_cortexa9_0/libsrc/standalone_v6_1/src -s include  "SHELL=CMD" "COMPILER=arm-none-eabi-gcc" "ARCHIVER=arm-none-eabi-ar" "COMPILER_FLAGS=  -O2 -c" "EXTRA_COMPILER_FLAGS=-mcpu=cortex-a9 -mfpu=vfpv3 -mfloat-abi=hard -nostartfiles"
"Running Make include in ps7_cortexa9_0/libsrc/ttcps_v3_2/src"
make -C ps7_cortexa9_0/libsrc/ttcps_v3_2/src -s include  "SHELL=CMD" "COMPILER=arm-none-eabi-gcc" "ARCHIVER=arm-none-eabi-ar" "COMPILER_FLAGS=  -O2 -c" "EXTRA_COMPILER_FLAGS=-mcpu=cortex-a9 -mfpu=vfpv3 -mfloat-abi=hard -nostartfiles"
"Running Make include in ps7_cortexa9_0/libsrc/uartps_v3_3/src"
make -C ps7_cortexa9_0/libsrc/uartps_v3_3/src -s include  "SHELL=CMD" "COMPILER=arm-none-eabi-gcc" "ARCHIVER=arm-none-eabi-ar" "COMPILER_FLAGS=  -O2 -c" "EXTRA_COMPILER_FLAGS=-mcpu=cortex-a9 -mfpu=vfpv3 -mfloat-abi=hard -nostartfiles"
"Running Make include in ps7_cortexa9_0/libsrc/usbps_v2_4/src"
make -C ps7_cortexa9_0/libsrc/usbps_v2_4/src -s include  "SHELL=CMD" "COMPILER=arm-none-eabi-gcc" "ARCHIVER=arm-none-eabi-ar" "COMPILER_FLAGS=  -O2 -c" "EXTRA_COMPILER_FLAGS=-mcpu=cortex-a9 -mfpu=vfpv3 -mfloat-abi=hard -nostartfiles"
"Running Make include in ps7_cortexa9_0/libsrc/xadcps_v2_2/src"
make -C ps7_cortexa9_0/libsrc/xadcps_v2_2/src -s include  "SHELL=CMD" "COMPILER=arm-none-eabi-gcc" "ARCHIVER=arm-none-eabi-ar" "COMPILER_FLAGS=  -O2 -c" "EXTRA_COMPILER_FLAGS=-mcpu=cortex-a9 -mfpu=vfpv3 -mfloat-abi=hard -nostartfiles"
"Running Make libs in ps7_cortexa9_0/libsrc/axidma_v9_3/src"
make -C ps7_cortexa9_0/libsrc/axidma_v9_3/src -s libs  "SHELL=CMD" "COMPILER=arm-none-eabi-gcc" "ARCHIVER=arm-none-eabi-ar" "COMPILER_FLAGS=  -O2 -c" "EXTRA_COMPILER_FLAGS=-mcpu=cortex-a9 -mfpu=vfpv3 -mfloat-abi=hard -nostartfiles"
"Compiling axidma"
arm-none-eabi-ar: creating ../../../lib/libxil.a
"Running Make libs in ps7_cortexa9_0/libsrc/coresightps_dcc_v1_3/src"
make -C ps7_cortexa9_0/libsrc/coresightps_dcc_v1_3/src -s libs  "SHELL=CMD" "COMPILER=arm-none-eabi-gcc" "ARCHIVER=arm-none-eabi-ar" "COMPILER_FLAGS=  -O2 -c" "EXTRA_COMPILER_FLAGS=-mcpu=cortex-a9 -mfpu=vfpv3 -mfloat-abi=hard -nostartfiles"
"Compiling coresightps_dcc"
"Running Make libs in ps7_cortexa9_0/libsrc/cpu_cortexa9_v2_3/src"
make -C ps7_cortexa9_0/libsrc/cpu_cortexa9_v2_3/src -s libs  "SHELL=CMD" "COMPILER=arm-none-eabi-gcc" "ARCHIVER=arm-none-eabi-ar" "COMPILER_FLAGS=  -O2 -c" "EXTRA_COMPILER_FLAGS=-mcpu=cortex-a9 -mfpu=vfpv3 -mfloat-abi=hard -nostartfiles"
"Compiling cpu_cortexa9"
"Running Make libs in ps7_cortexa9_0/libsrc/ddrps_v1_0/src"
make -C ps7_cortexa9_0/libsrc/ddrps_v1_0/src -s libs  "SHELL=CMD" "COMPILER=arm-none-eabi-gcc" "ARCHIVER=arm-none-eabi-ar" "COMPILER_FLAGS=  -O2 -c" "EXTRA_COMPILER_FLAGS=-mcpu=cortex-a9 -mfpu=vfpv3 -mfloat-abi=hard -nostartfiles"
"Compiling ddrps"
"Running Make libs in ps7_cortexa9_0/libsrc/devcfg_v3_4/src"
make -C ps7_cortexa9_0/libsrc/devcfg_v3_4/src -s libs  "SHELL=CMD" "COMPILER=arm-none-eabi-gcc" "ARCHIVER=arm-none-eabi-ar" "COMPILER_FLAGS=  -O2 -c" "EXTRA_COMPILER_FLAGS=-mcpu=cortex-a9 -mfpu=vfpv3 -mfloat-abi=hard -nostartfiles"
"Compiling devcfg"
"Running Make libs in ps7_cortexa9_0/libsrc/dmaps_v2_3/src"
make -C ps7_cortexa9_0/libsrc/dmaps_v2_3/src -s libs  "SHELL=CMD" "COMPILER=arm-none-eabi-gcc" "ARCHIVER=arm-none-eabi-ar" "COMPILER_FLAGS=  -O2 -c" "EXTRA_COMPILER_FLAGS=-mcpu=cortex-a9 -mfpu=vfpv3 -mfloat-abi=hard -nostartfiles"
"Compiling dmaps"
"Running Make libs in ps7_cortexa9_0/libsrc/emacps_v3_3/src"
make -C ps7_cortexa9_0/libsrc/emacps_v3_3/src -s libs  "SHELL=CMD" "COMPILER=arm-none-eabi-gcc" "ARCHIVER=arm-none-eabi-ar" "COMPILER_FLAGS=  -O2 -c" "EXTRA_COMPILER_FLAGS=-mcpu=cortex-a9 -mfpu=vfpv3 -mfloat-abi=hard -nostartfiles"
"Compiling emacps"
"Running Make libs in ps7_cortexa9_0/libsrc/gpio_v4_3/src"
make -C ps7_cortexa9_0/libsrc/gpio_v4_3/src -s libs  "SHELL=CMD" "COMPILER=arm-none-eabi-gcc" "ARCHIVER=arm-none-eabi-ar" "COMPILER_FLAGS=  -O2 -c" "EXTRA_COMPILER_FLAGS=-mcpu=cortex-a9 -mfpu=vfpv3 -mfloat-abi=hard -nostartfiles"
"Compiling gpio"
"Running Make libs in ps7_cortexa9_0/libsrc/gpiops_v3_1/src"
make -C ps7_cortexa9_0/libsrc/gpiops_v3_1/src -s libs  "SHELL=CMD" "COMPILER=arm-none-eabi-gcc" "ARCHIVER=arm-none-eabi-ar" "COMPILER_FLAGS=  -O2 -c" "EXTRA_COMPILER_FLAGS=-mcpu=cortex-a9 -mfpu=vfpv3 -mfloat-abi=hard -nostartfiles"
"Compiling gpiops"
"Running Make libs in ps7_cortexa9_0/libsrc/qspips_v3_3/src"
make -C ps7_cortexa9_0/libsrc/qspips_v3_3/src -s libs  "SHELL=CMD" "COMPILER=arm-none-eabi-gcc" "ARCHIVER=arm-none-eabi-ar" "COMPILER_FLAGS=  -O2 -c" "EXTRA_COMPILER_FLAGS=-mcpu=cortex-a9 -mfpu=vfpv3 -mfloat-abi=hard -nostartfiles"
"Compiling qspips"
"Running Make libs in ps7_cortexa9_0/libsrc/scugic_v3_5/src"
make -C ps7_cortexa9_0/libsrc/scugic_v3_5/src -s libs  "SHELL=CMD" "COMPILER=arm-none-eabi-gcc" "ARCHIVER=arm-none-eabi-ar" "COMPILER_FLAGS=  -O2 -c" "EXTRA_COMPILER_FLAGS=-mcpu=cortex-a9 -mfpu=vfpv3 -mfloat-abi=hard -nostartfiles"
"Compiling scugic"
"Running Make libs in ps7_cortexa9_0/libsrc/scutimer_v2_1/src"
make -C ps7_cortexa9_0/libsrc/scutimer_v2_1/src -s libs  "SHELL=CMD" "COMPILER=arm-none-eabi-gcc" "ARCHIVER=arm-none-eabi-ar" "COMPILER_FLAGS=  -O2 -c" "EXTRA_COMPILER_FLAGS=-mcpu=cortex-a9 -mfpu=vfpv3 -mfloat-abi=hard -nostartfiles"
"Compiling scutimer"
"Running Make libs in ps7_cortexa9_0/libsrc/scuwdt_v2_1/src"
make -C ps7_cortexa9_0/libsrc/scuwdt_v2_1/src -s libs  "SHELL=CMD" "COMPILER=arm-none-eabi-gcc" "ARCHIVER=arm-none-eabi-ar" "COMPILER_FLAGS=  -O2 -c" "EXTRA_COMPILER_FLAGS=-mcpu=cortex-a9 -mfpu=vfpv3 -mfloat-abi=hard -nostartfiles"
"Compiling scuwdt"
"Running Make libs in ps7_cortexa9_0/libsrc/sdps_v3_1/src"
make -C ps7_cortexa9_0/libsrc/sdps_v3_1/src -s libs  "SHELL=CMD" "COMPILER=arm-none-eabi-gcc" "ARCHIVER=arm-none-eabi-ar" "COMPILER_FLAGS=  -O2 -c" "EXTRA_COMPILER_FLAGS=-mcpu=cortex-a9 -mfpu=vfpv3 -mfloat-abi=hard -nostartfiles"
"Compiling sdps"
"Running Make libs in ps7_cortexa9_0/libsrc/standalone_v6_1/src"
make -C ps7_cortexa9_0/libsrc/standalone_v6_1/src -s libs  "SHELL=CMD" "COMPILER=arm-none-eabi-gcc" "ARCHIVER=arm-none-eabi-ar" "COMPILER_FLAGS=  -O2 -c" "EXTRA_COMPILER_FLAGS=-mcpu=cortex-a9 -mfpu=vfpv3 -mfloat-abi=hard -nostartfiles"
"Compiling standalone"
"Running Make libs in ps7_cortexa9_0/libsrc/ttcps_v3_2/src"
make -C ps7_cortexa9_0/libsrc/ttcps_v3_2/src -s libs  "SHELL=CMD" "COMPILER=arm-none-eabi-gcc" "ARCHIVER=arm-none-eabi-ar" "COMPILER_FLAGS=  -O2 -c" "EXTRA_COMPILER_FLAGS=-mcpu=cortex-a9 -mfpu=vfpv3 -mfloat-abi=hard -nostartfiles"
"Compiling ttcps"
"Running Make libs in ps7_cortexa9_0/libsrc/uartps_v3_3/src"
make -C ps7_cortexa9_0/libsrc/uartps_v3_3/src -s libs  "SHELL=CMD" "COMPILER=arm-none-eabi-gcc" "ARCHIVER=arm-none-eabi-ar" "COMPILER_FLAGS=  -O2 -c" "EXTRA_COMPILER_FLAGS=-mcpu=cortex-a9 -mfpu=vfpv3 -mfloat-abi=hard -nostartfiles"
"Compiling uartps"
"Running Make libs in ps7_cortexa9_0/libsrc/usbps_v2_4/src"
make -C ps7_cortexa9_0/libsrc/usbps_v2_4/src -s libs  "SHELL=CMD" "COMPILER=arm-none-eabi-gcc" "ARCHIVER=arm-none-eabi-ar" "COMPILER_FLAGS=  -O2 -c" "EXTRA_COMPILER_FLAGS=-mcpu=cortex-a9 -mfpu=vfpv3 -mfloat-abi=hard -nostartfiles"
"Compiling usbps"
"Running Make libs in ps7_cortexa9_0/libsrc/xadcps_v2_2/src"
make -C ps7_cortexa9_0/libsrc/xadcps_v2_2/src -s libs  "SHELL=CMD" "COMPILER=arm-none-eabi-gcc" "ARCHIVER=arm-none-eabi-ar" "COMPILER_FLAGS=  -O2 -c" "EXTRA_COMPILER_FLAGS=-mcpu=cortex-a9 -mfpu=vfpv3 -mfloat-abi=hard -nostartfiles"
"Compiling xadcps"
'Finished building libraries'
14:50:10 **** Build of configuration Debug for project hello_world ****
make pre-build main-build 
a9-linaro-pre-build-step
' '
'Building file: ../src/helloworld.c'
'Invoking: ARM v7 gcc compiler'
arm-none-eabi-gcc -Wall -O0 -g3 -c -fmessage-length=0 -MT"src/helloworld.o" -mcpu=cortex-a9 -mfpu=vfpv3 -mfloat-abi=hard -I../../hello_world_bsp/ps7_cortexa9_0/include -MMD -MP -MF"src/helloworld.d" -MT"src/helloworld.o" -o "src/helloworld.o" "../src/helloworld.c"
'Finished building: ../src/helloworld.c'
' '
'Building file: ../src/platform.c'
'Invoking: ARM v7 gcc compiler'
arm-none-eabi-gcc -Wall -O0 -g3 -c -fmessage-length=0 -MT"src/platform.o" -mcpu=cortex-a9 -mfpu=vfpv3 -mfloat-abi=hard -I../../hello_world_bsp/ps7_cortexa9_0/include -MMD -MP -MF"src/platform.d" -MT"src/platform.o" -o "src/platform.o" "../src/platform.c"
'Finished building: ../src/platform.c'
' '
'Building target: hello_world.elf'
'Invoking: ARM v7 gcc linker'
arm-none-eabi-gcc -mcpu=cortex-a9 -mfpu=vfpv3 -mfloat-abi=hard -Wl,-build-id=none -specs=Xilinx.spec -Wl,-T -Wl,../src/lscript.ld -L../../hello_world_bsp/ps7_cortexa9_0/lib -o "hello_world.elf"  ./src/helloworld.o ./src/platform.o   -Wl,--start-group,-lxil,-lgcc,-lc,--end-group
'Finished building target: hello_world.elf'
' '
'Invoking: ARM v7 Print Size'
arm-none-eabi-size hello_world.elf  |tee "hello_world.elf.size"
   text	   data	    bss	    dec	    hex	filename
  22328	   1148	  22568	  46044	   b3dc	hello_world.elf
'Finished building: hello_world.elf.size'
' '
14:50:31 **** Incremental Build of configuration Debug for project hello_world ****
make pre-build main-build 
a9-linaro-pre-build-step
' '
make: Nothing to be done for `main-build'.
15:45:39 **** Auto Build of configuration Debug for project fsbl ****
make pre-build main-build 
a9-linaro-pre-build-step
' '
'Building file: ../src/fsbl_hooks.c'
'Invoking: ARM v7 gcc compiler'
arm-none-eabi-gcc -Wall -O0 -g3 -I"C:\Users\kab\Desktop\workspace\ZedBoard_DMA_SampleGenerator\ZedBoard_DMA_SampleGenerator.sdk\design_dma_wrapper_hw_platform_0" -c -fmessage-length=0 -MT"src/fsbl_hooks.o" -mcpu=cortex-a9 -mfpu=vfpv3 -mfloat-abi=hard -I../../fsbl_bsp/ps7_cortexa9_0/include -MMD -MP -MF"src/fsbl_hooks.d" -MT"src/fsbl_hooks.o" -o "src/fsbl_hooks.o" "../src/fsbl_hooks.c"
'Finished building: ../src/fsbl_hooks.c'
' '
'Building file: ../src/image_mover.c'
'Invoking: ARM v7 gcc compiler'
arm-none-eabi-gcc -Wall -O0 -g3 -I"C:\Users\kab\Desktop\workspace\ZedBoard_DMA_SampleGenerator\ZedBoard_DMA_SampleGenerator.sdk\design_dma_wrapper_hw_platform_0" -c -fmessage-length=0 -MT"src/image_mover.o" -mcpu=cortex-a9 -mfpu=vfpv3 -mfloat-abi=hard -I../../fsbl_bsp/ps7_cortexa9_0/include -MMD -MP -MF"src/image_mover.d" -MT"src/image_mover.o" -o "src/image_mover.o" "../src/image_mover.c"
'Finished building: ../src/image_mover.c'
' '
'Building file: ../src/main.c'
'Invoking: ARM v7 gcc compiler'
arm-none-eabi-gcc -Wall -O0 -g3 -I"C:\Users\kab\Desktop\workspace\ZedBoard_DMA_SampleGenerator\ZedBoard_DMA_SampleGenerator.sdk\design_dma_wrapper_hw_platform_0" -c -fmessage-length=0 -MT"src/main.o" -mcpu=cortex-a9 -mfpu=vfpv3 -mfloat-abi=hard -I../../fsbl_bsp/ps7_cortexa9_0/include -MMD -MP -MF"src/main.d" -MT"src/main.o" -o "src/main.o" "../src/main.c"
'Finished building: ../src/main.c'
' '
'Building file: ../src/nand.c'
'Invoking: ARM v7 gcc compiler'
arm-none-eabi-gcc -Wall -O0 -g3 -I"C:\Users\kab\Desktop\workspace\ZedBoard_DMA_SampleGenerator\ZedBoard_DMA_SampleGenerator.sdk\design_dma_wrapper_hw_platform_0" -c -fmessage-length=0 -MT"src/nand.o" -mcpu=cortex-a9 -mfpu=vfpv3 -mfloat-abi=hard -I../../fsbl_bsp/ps7_cortexa9_0/include -MMD -MP -MF"src/nand.d" -MT"src/nand.o" -o "src/nand.o" "../src/nand.c"
'Finished building: ../src/nand.c'
' '
'Building file: ../src/nor.c'
'Invoking: ARM v7 gcc compiler'
arm-none-eabi-gcc -Wall -O0 -g3 -I"C:\Users\kab\Desktop\workspace\ZedBoard_DMA_SampleGenerator\ZedBoard_DMA_SampleGenerator.sdk\design_dma_wrapper_hw_platform_0" -c -fmessage-length=0 -MT"src/nor.o" -mcpu=cortex-a9 -mfpu=vfpv3 -mfloat-abi=hard -I../../fsbl_bsp/ps7_cortexa9_0/include -MMD -MP -MF"src/nor.d" -MT"src/nor.o" -o "src/nor.o" "../src/nor.c"
'Finished building: ../src/nor.c'
' '
'Building file: ../src/pcap.c'
'Invoking: ARM v7 gcc compiler'
arm-none-eabi-gcc -Wall -O0 -g3 -I"C:\Users\kab\Desktop\workspace\ZedBoard_DMA_SampleGenerator\ZedBoard_DMA_SampleGenerator.sdk\design_dma_wrapper_hw_platform_0" -c -fmessage-length=0 -MT"src/pcap.o" -mcpu=cortex-a9 -mfpu=vfpv3 -mfloat-abi=hard -I../../fsbl_bsp/ps7_cortexa9_0/include -MMD -MP -MF"src/pcap.d" -MT"src/pcap.o" -o "src/pcap.o" "../src/pcap.c"
'Finished building: ../src/pcap.c'
' '
'Building file: C:/Users/kab/Desktop/workspace/ZedBoard_DMA_SampleGenerator/ZedBoard_DMA_SampleGenerator.sdk/design_dma_wrapper_hw_platform_0/ps7_init.c'
'Invoking: ARM v7 gcc compiler'
arm-none-eabi-gcc -Wall -O0 -g3 -I"C:\Users\kab\Desktop\workspace\ZedBoard_DMA_SampleGenerator\ZedBoard_DMA_SampleGenerator.sdk\design_dma_wrapper_hw_platform_0" -c -fmessage-length=0 -MT"src/ps7_init.o" -mcpu=cortex-a9 -mfpu=vfpv3 -mfloat-abi=hard -I../../fsbl_bsp/ps7_cortexa9_0/include -MMD -MP -MF"src/ps7_init.d" -MT"src/ps7_init.o" -o "src/ps7_init.o" "C:/Users/kab/Desktop/workspace/ZedBoard_DMA_SampleGenerator/ZedBoard_DMA_SampleGenerator.sdk/design_dma_wrapper_hw_platform_0/ps7_init.c"
'Finished building: C:/Users/kab/Desktop/workspace/ZedBoard_DMA_SampleGenerator/ZedBoard_DMA_SampleGenerator.sdk/design_dma_wrapper_hw_platform_0/ps7_init.c'
' '
'Building file: ../src/qspi.c'
'Invoking: ARM v7 gcc compiler'
arm-none-eabi-gcc -Wall -O0 -g3 -I"C:\Users\kab\Desktop\workspace\ZedBoard_DMA_SampleGenerator\ZedBoard_DMA_SampleGenerator.sdk\design_dma_wrapper_hw_platform_0" -c -fmessage-length=0 -MT"src/qspi.o" -mcpu=cortex-a9 -mfpu=vfpv3 -mfloat-abi=hard -I../../fsbl_bsp/ps7_cortexa9_0/include -MMD -MP -MF"src/qspi.d" -MT"src/qspi.o" -o "src/qspi.o" "../src/qspi.c"
'Finished building: ../src/qspi.c'
' '
'Building file: ../src/sd.c'
'Invoking: ARM v7 gcc compiler'
arm-none-eabi-gcc -Wall -O0 -g3 -I"C:\Users\kab\Desktop\workspace\ZedBoard_DMA_SampleGenerator\ZedBoard_DMA_SampleGenerator.sdk\design_dma_wrapper_hw_platform_0" -c -fmessage-length=0 -MT"src/sd.o" -mcpu=cortex-a9 -mfpu=vfpv3 -mfloat-abi=hard -I../../fsbl_bsp/ps7_cortexa9_0/include -MMD -MP -MF"src/sd.d" -MT"src/sd.o" -o "src/sd.o" "../src/sd.c"
'Finished building: ../src/sd.c'
' '
'Building target: fsbl.elf'
'Invoking: ARM v7 gcc linker'
arm-none-eabi-gcc -mcpu=cortex-a9 -mfpu=vfpv3 -mfloat-abi=hard -Wl,-build-id=none -specs=Xilinx.spec -Wl,-T -Wl,../src/lscript.ld -L../../fsbl_bsp/ps7_cortexa9_0/lib -o "fsbl.elf"  ./src/fsbl_handoff.o ./src/fsbl_hooks.o ./src/image_mover.o ./src/main.o ./src/md5.o ./src/nand.o ./src/nor.o ./src/pcap.o ./src/ps7_init.o ./src/qspi.o ./src/rsa.o ./src/sd.o   -Wl,--start-group,-lxil,-lgcc,-lc,--end-group -Wl,--start-group,-lxilffs,-lxil,-lgcc,-lc,--end-group -Wl,--start-group,-lrsa,-lxil,-lgcc,-lc,--end-group
'Finished building target: fsbl.elf'
' '
'Invoking: ARM v7 Print Size'
arm-none-eabi-size fsbl.elf  |tee "fsbl.elf.size"
   text	   data	    bss	    dec	    hex	filename
  78792	  11480	  74344	 164616	  28308	fsbl.elf
'Finished building: fsbl.elf.size'
' '
15:48:20 **** Auto Build of configuration Debug for project hello_world ****
make pre-build main-build 
a9-linaro-pre-build-step
' '
'Building file: ../src/ps7_init.c'
'Invoking: ARM v7 gcc compiler'
arm-none-eabi-gcc -Wall -O0 -g3 -c -fmessage-length=0 -MT"src/ps7_init.o" -mcpu=cortex-a9 -mfpu=vfpv3 -mfloat-abi=hard -I../../hello_world_bsp/ps7_cortexa9_0/include -MMD -MP -MF"src/ps7_init.d" -MT"src/ps7_init.o" -o "src/ps7_init.o" "../src/ps7_init.c"
'Finished building: ../src/ps7_init.c'
' '
'Building target: hello_world.elf'
'Invoking: ARM v7 gcc linker'
arm-none-eabi-gcc -mcpu=cortex-a9 -mfpu=vfpv3 -mfloat-abi=hard -Wl,-build-id=none -specs=Xilinx.spec -Wl,-T -Wl,../src/lscript.ld -L../../hello_world_bsp/ps7_cortexa9_0/lib -o "hello_world.elf"  ./src/helloworld.o ./src/platform.o ./src/ps7_init.o   -Wl,--start-group,-lxil,-lgcc,-lc,--end-group
'Finished building target: hello_world.elf'
' '
'Invoking: ARM v7 Print Size'
arm-none-eabi-size hello_world.elf  |tee "hello_world.elf.size"
   text	   data	    bss	    dec	    hex	filename
  24808	  11332	  22568	  58708	   e554	hello_world.elf
'Finished building: hello_world.elf.size'
' '
15:48:56 **** Auto Build of configuration Debug for project hello_world ****
make pre-build main-build 
a9-linaro-pre-build-step
' '
'Building file: ../src/helloworld.c'
'Invoking: ARM v7 gcc compiler'
arm-none-eabi-gcc -Wall -O0 -g3 -c -fmessage-length=0 -MT"src/helloworld.o" -mcpu=cortex-a9 -mfpu=vfpv3 -mfloat-abi=hard -I../../hello_world_bsp/ps7_cortexa9_0/include -MMD -MP -MF"src/helloworld.d" -MT"src/helloworld.o" -o "src/helloworld.o" "../src/helloworld.c"
'Finished building: ../src/helloworld.c'
' '
'Building target: hello_world.elf'
'Invoking: ARM v7 gcc linker'
arm-none-eabi-gcc -mcpu=cortex-a9 -mfpu=vfpv3 -mfloat-abi=hard -Wl,-build-id=none -specs=Xilinx.spec -Wl,-T -Wl,../src/lscript.ld -L../../hello_world_bsp/ps7_cortexa9_0/lib -o "hello_world.elf"  ./src/helloworld.o ./src/platform.o ./src/ps7_init.o   -Wl,--start-group,-lxil,-lgcc,-lc,--end-group
'Finished building target: hello_world.elf'
' '
'Invoking: ARM v7 Print Size'
arm-none-eabi-size hello_world.elf  |tee "hello_world.elf.size"
   text	   data	    bss	    dec	    hex	filename
  24812	  11332	  22568	  58712	   e558	hello_world.elf
'Finished building: hello_world.elf.size'
' '
16:07:53 **** Auto Build of configuration Debug for project hello_world ****
make pre-build main-build 
a9-linaro-pre-build-step
' '
'Building file: ../src/helloworld.c'
'Invoking: ARM v7 gcc compiler'
arm-none-eabi-gcc -Wall -O0 -g3 -c -fmessage-length=0 -MT"src/helloworld.o" -mcpu=cortex-a9 -mfpu=vfpv3 -mfloat-abi=hard -I../../hello_world_bsp/ps7_cortexa9_0/include -MMD -MP -MF"src/helloworld.d" -MT"src/helloworld.o" -o "src/helloworld.o" "../src/helloworld.c"
../src/helloworld.c: In function 'Initialize_AXI_DMA':
../src/helloworld.c:69:2: error: too few arguments to function 'Xil_Out32'
  Xil_Out32(XPAR_AXI_DMA_0_BASEADDR + 0x30);
  ^
In file included from ../../hello_world_bsp/ps7_cortexa9_0/include/xscugic.h:176:0,
                 from ../src/helloworld.c:52:
../../hello_world_bsp/ps7_cortexa9_0/include/xil_io.h:233:20: note: declared here
 static INLINE void Xil_Out32(UINTPTR Addr, u32 Value)
                    ^
../src/helloworld.c:55:16: warning: statement with no effect [-Wunused-value]
 #define printf xil_printf;
                ^
../src/helloworld.c:71:2: note: in expansion of macro 'printf'
  printf("Value for DMA control register : %x \r\n", tempval);
  ^
../src/helloworld.c:71:51: warning: left-hand operand of comma expression has no effect [-Wunused-value]
  printf("Value for DMA control register : %x \r\n", tempval);
                                                   ^
../src/helloworld.c:71:8: warning: statement with no effect [-Wunused-value]
  printf("Value for DMA control register : %x \r\n", tempval);
        ^
../src/helloworld.c: In function 'main':
../src/helloworld.c:55:16: warning: statement with no effect [-Wunused-value]
 #define printf xil_printf;
                ^
../src/helloworld.c:78:5: note: in expansion of macro 'printf'
     printf("Hello World\n\r");
     ^
../src/helloworld.c:78:11: warning: statement with no effect [-Wunused-value]
     printf("Hello World\n\r");
           ^
../src/helloworld.c:55:16: warning: statement with no effect [-Wunused-value]
 #define printf xil_printf;
                ^
../src/helloworld.c:84:5: note: in expansion of macro 'printf'
     printf("Initializing AXI-DMA....\r\n");
     ^
../src/helloworld.c:84:11: warning: statement with no effect [-Wunused-value]
     printf("Initializing AXI-DMA....\r\n");
           ^
make: *** [src/helloworld.o] Error 1
16:08:15 **** Auto Build of configuration Debug for project hello_world ****
make pre-build main-build 
a9-linaro-pre-build-step
' '
'Building file: ../src/helloworld.c'
'Invoking: ARM v7 gcc compiler'
arm-none-eabi-gcc -Wall -O0 -g3 -c -fmessage-length=0 -MT"src/helloworld.o" -mcpu=cortex-a9 -mfpu=vfpv3 -mfloat-abi=hard -I../../hello_world_bsp/ps7_cortexa9_0/include -MMD -MP -MF"src/helloworld.d" -MT"src/helloworld.o" -o "src/helloworld.o" "../src/helloworld.c"
../src/helloworld.c: In function 'Initialize_AXI_DMA':
../src/helloworld.c:55:16: warning: statement with no effect [-Wunused-value]
 #define printf xil_printf;
                ^
../src/helloworld.c:71:2: note: in expansion of macro 'printf'
  printf("Value for DMA control register : %x \r\n", tempval);
  ^
../src/helloworld.c:71:51: warning: left-hand operand of comma expression has no effect [-Wunused-value]
  printf("Value for DMA control register : %x \r\n", tempval);
                                                   ^
../src/helloworld.c:71:8: warning: statement with no effect [-Wunused-value]
  printf("Value for DMA control register : %x \r\n", tempval);
        ^
../src/helloworld.c: In function 'main':
../src/helloworld.c:55:16: warning: statement with no effect [-Wunused-value]
 #define printf xil_printf;
                ^
../src/helloworld.c:78:5: note: in expansion of macro 'printf'
     printf("Hello World\n\r");
     ^
../src/helloworld.c:78:11: warning: statement with no effect [-Wunused-value]
     printf("Hello World\n\r");
           ^
../src/helloworld.c:55:16: warning: statement with no effect [-Wunused-value]
 #define printf xil_printf;
                ^
../src/helloworld.c:84:5: note: in expansion of macro 'printf'
     printf("Initializing AXI-DMA....\r\n");
     ^
../src/helloworld.c:84:11: warning: statement with no effect [-Wunused-value]
     printf("Initializing AXI-DMA....\r\n");
           ^
'Finished building: ../src/helloworld.c'
' '
'Building target: hello_world.elf'
'Invoking: ARM v7 gcc linker'
arm-none-eabi-gcc -mcpu=cortex-a9 -mfpu=vfpv3 -mfloat-abi=hard -Wl,-build-id=none -specs=Xilinx.spec -Wl,-T -Wl,../src/lscript.ld -L../../hello_world_bsp/ps7_cortexa9_0/lib -o "hello_world.elf"  ./src/helloworld.o ./src/platform.o ./src/ps7_init.o   -Wl,--start-group,-lxil,-lgcc,-lc,--end-group
'Finished building target: hello_world.elf'
' '
'Invoking: ARM v7 Print Size'
arm-none-eabi-size hello_world.elf  |tee "hello_world.elf.size"
   text	   data	    bss	    dec	    hex	filename
  24784	  11332	  22568	  58684	   e53c	hello_world.elf
'Finished building: hello_world.elf.size'
' '
16:18:30 **** Auto Build of configuration Debug for project hello_world ****
make pre-build main-build 
a9-linaro-pre-build-step
' '
'Building file: ../src/helloworld.c'
'Invoking: ARM v7 gcc compiler'
arm-none-eabi-gcc -Wall -O0 -g3 -c -fmessage-length=0 -MT"src/helloworld.o" -mcpu=cortex-a9 -mfpu=vfpv3 -mfloat-abi=hard -I../../hello_world_bsp/ps7_cortexa9_0/include -MMD -MP -MF"src/helloworld.d" -MT"src/helloworld.o" -o "src/helloworld.o" "../src/helloworld.c"
../src/helloworld.c: In function 'Initialize_AXI_DMA':
../src/helloworld.c:55:16: warning: statement with no effect [-Wunused-value]
 #define printf xil_printf;
                ^
../src/helloworld.c:72:2: note: in expansion of macro 'printf'
  printf("Value for DMA control register : %x \r\n", tempval);
  ^
../src/helloworld.c:72:51: warning: left-hand operand of comma expression has no effect [-Wunused-value]
  printf("Value for DMA control register : %x \r\n", tempval);
                                                   ^
../src/helloworld.c:72:8: warning: statement with no effect [-Wunused-value]
  printf("Value for DMA control register : %x \r\n", tempval);
        ^
../src/helloworld.c: In function 'main':
../src/helloworld.c:55:16: warning: statement with no effect [-Wunused-value]
 #define printf xil_printf;
                ^
../src/helloworld.c:79:5: note: in expansion of macro 'printf'
     printf("Hello World\n\r");
     ^
../src/helloworld.c:79:11: warning: statement with no effect [-Wunused-value]
     printf("Hello World\n\r");
           ^
../src/helloworld.c:55:16: warning: statement with no effect [-Wunused-value]
 #define printf xil_printf;
                ^
../src/helloworld.c:85:5: note: in expansion of macro 'printf'
     printf("Initializing AXI-DMA....\r\n");
     ^
../src/helloworld.c:85:11: warning: statement with no effect [-Wunused-value]
     printf("Initializing AXI-DMA....\r\n");
           ^
'Finished building: ../src/helloworld.c'
' '
'Building target: hello_world.elf'
'Invoking: ARM v7 gcc linker'
arm-none-eabi-gcc -mcpu=cortex-a9 -mfpu=vfpv3 -mfloat-abi=hard -Wl,-build-id=none -specs=Xilinx.spec -Wl,-T -Wl,../src/lscript.ld -L../../hello_world_bsp/ps7_cortexa9_0/lib -o "hello_world.elf"  ./src/helloworld.o ./src/platform.o ./src/ps7_init.o   -Wl,--start-group,-lxil,-lgcc,-lc,--end-group
'Finished building target: hello_world.elf'
' '
'Invoking: ARM v7 Print Size'
arm-none-eabi-size hello_world.elf  |tee "hello_world.elf.size"
   text	   data	    bss	    dec	    hex	filename
  24784	  11332	  22568	  58684	   e53c	hello_world.elf
'Finished building: hello_world.elf.size'
' '
16:44:45 **** Auto Build of configuration Debug for project hello_world ****
make pre-build main-build 
a9-linaro-pre-build-step
' '
'Building file: ../src/helloworld.c'
'Invoking: ARM v7 gcc compiler'
arm-none-eabi-gcc -Wall -O0 -g3 -c -fmessage-length=0 -MT"src/helloworld.o" -mcpu=cortex-a9 -mfpu=vfpv3 -mfloat-abi=hard -I../../hello_world_bsp/ps7_cortexa9_0/include -MMD -MP -MF"src/helloworld.d" -MT"src/helloworld.o" -o "src/helloworld.o" "../src/helloworld.c"
../src/helloworld.c: In function 'Initialize_AXI_DMA':
../src/helloworld.c:55:16: warning: statement with no effect [-Wunused-value]
 #define printf xil_printf;
                ^
../src/helloworld.c:72:2: note: in expansion of macro 'printf'
  printf("Value for DMA control register : %x \r\n", tempval);
  ^
../src/helloworld.c:72:51: warning: left-hand operand of comma expression has no effect [-Wunused-value]
  printf("Value for DMA control register : %x \r\n", tempval);
                                                   ^
../src/helloworld.c:72:8: warning: statement with no effect [-Wunused-value]
  printf("Value for DMA control register : %x \r\n", tempval);
        ^
../src/helloworld.c: In function 'Setup_Interrupt_System':
../src/helloworld.c:103:76: error: 'XScuGicInterruptHandler' undeclared (first use in this function)
  Xil_ExceptionRegisterHandler(XIL_EXCEPTION_ID_INT, (Xil_ExceptionHandler) XScuGicInterruptHandler, XScuGicInstancePtr);
                                                                            ^
../src/helloworld.c:103:76: note: each undeclared identifier is reported only once for each function it appears in
../src/helloworld.c: In function 'Initialize_Interrupt_System':
../src/helloworld.c:113:5: warning: type of 'deviceID' defaults to 'int' [-Wimplicit-int]
 int Initialize_Interrupt_System(deviceID)
     ^
../src/helloworld.c:117:2: error: 'GicConfig' undeclared (first use in this function)
  GicConfig = XScuGic_LookupConfig(deviceID);
  ^
../src/helloworld.c:123:35: error: 'InterruptController' undeclared (first use in this function)
  Status = XScuGic_CfgInitialize (&InterruptController, GicConfig, GicConfig->CpuBaseAddress);
                                   ^
../src/helloworld.c:135:113: error: 'InterruptHandler' undeclared (first use in this function)
  Status =  XScuGic_Connect(&InterruptController, XPAR_FABRIC_AXI_DMA_0_S2MM_INTROUT_INTR, (Xil_ExceptionHandler)InterruptHandler, NULL);
                                                                                                                 ^
../src/helloworld.c: In function 'main':
../src/helloworld.c:55:16: warning: statement with no effect [-Wunused-value]
 #define printf xil_printf;
                ^
../src/helloworld.c:154:5: note: in expansion of macro 'printf'
     printf("Hello World\n\r");
     ^
../src/helloworld.c:154:11: warning: statement with no effect [-Wunused-value]
     printf("Hello World\n\r");
           ^
../src/helloworld.c:55:16: warning: statement with no effect [-Wunused-value]
 #define printf xil_printf;
                ^
../src/helloworld.c:160:5: note: in expansion of macro 'printf'
     printf("Initializing AXI-DMA....\r\n");
     ^
../src/helloworld.c:160:11: warning: statement with no effect [-Wunused-value]
     printf("Initializing AXI-DMA....\r\n");
           ^
../src/helloworld.c:55:16: warning: statement with no effect [-Wunused-value]
 #define printf xil_printf;
                ^
../src/helloworld.c:164:5: note: in expansion of macro 'printf'
     printf("Enabling Sample generator....\r\n");
     ^
../src/helloworld.c:164:11: warning: statement with no effect [-Wunused-value]
     printf("Enabling Sample generator....\r\n");
           ^
../src/helloworld.c:55:16: warning: statement with no effect [-Wunused-value]
 #define printf xil_printf;
                ^
../src/helloworld.c:168:5: note: in expansion of macro 'printf'
     printf("Enabling Interrupts and Interrupt handling....\r\n");
     ^
../src/helloworld.c:168:11: warning: statement with no effect [-Wunused-value]
     printf("Enabling Interrupts and Interrupt handling....\r\n");
           ^
make: *** [src/helloworld.o] Error 1
16:52:25 **** Auto Build of configuration Debug for project hello_world ****
make pre-build main-build 
a9-linaro-pre-build-step
' '
'Building file: ../src/helloworld.c'
'Invoking: ARM v7 gcc compiler'
arm-none-eabi-gcc -Wall -O0 -g3 -c -fmessage-length=0 -MT"src/helloworld.o" -mcpu=cortex-a9 -mfpu=vfpv3 -mfloat-abi=hard -I../../hello_world_bsp/ps7_cortexa9_0/include -MMD -MP -MF"src/helloworld.d" -MT"src/helloworld.o" -o "src/helloworld.o" "../src/helloworld.c"
../src/helloworld.c: In function 'Initialize_AXI_DMA':
../src/helloworld.c:55:16: warning: statement with no effect [-Wunused-value]
 #define printf xil_printf;
                ^
../src/helloworld.c:72:2: note: in expansion of macro 'printf'
  printf("Value for DMA control register : %x \r\n", tempval);
  ^
../src/helloworld.c:72:51: warning: left-hand operand of comma expression has no effect [-Wunused-value]
  printf("Value for DMA control register : %x \r\n", tempval);
                                                   ^
../src/helloworld.c:72:8: warning: statement with no effect [-Wunused-value]
  printf("Value for DMA control register : %x \r\n", tempval);
        ^
../src/helloworld.c: In function 'Setup_Interrupt_System':
../src/helloworld.c:118:75: error: 'XScuGicInterruptHandler' undeclared (first use in this function)
  Xil_ExceptionRegisterHandler(XIL_EXCEPTION_ID_INT, (Xil_ExceptionHandler)XScuGicInterruptHandler, XScuGicInstancePtr);
                                                                           ^
../src/helloworld.c:118:75: note: each undeclared identifier is reported only once for each function it appears in
../src/helloworld.c: In function 'Initialize_Interrupt_System':
../src/helloworld.c:128:5: warning: type of 'deviceID' defaults to 'int' [-Wimplicit-int]
 int Initialize_Interrupt_System(deviceID)
     ^
../src/helloworld.c:132:2: error: 'GicConfig' undeclared (first use in this function)
  GicConfig = XScuGic_LookupConfig(deviceID);
  ^
../src/helloworld.c:138:35: error: 'InterruptController' undeclared (first use in this function)
  Status = XScuGic_CfgInitialize (&InterruptController, GicConfig, GicConfig->CpuBaseAddress);
                                   ^
../src/helloworld.c: In function 'main':
../src/helloworld.c:55:16: warning: statement with no effect [-Wunused-value]
 #define printf xil_printf;
                ^
../src/helloworld.c:169:5: note: in expansion of macro 'printf'
     printf("Hello World\n\r");
     ^
../src/helloworld.c:169:11: warning: statement with no effect [-Wunused-value]
     printf("Hello World\n\r");
           ^
../src/helloworld.c:55:16: warning: statement with no effect [-Wunused-value]
 #define printf xil_printf;
                ^
../src/helloworld.c:175:5: note: in expansion of macro 'printf'
     printf("Initializing AXI-DMA....\r\n");
     ^
../src/helloworld.c:175:11: warning: statement with no effect [-Wunused-value]
     printf("Initializing AXI-DMA....\r\n");
           ^
../src/helloworld.c:55:16: warning: statement with no effect [-Wunused-value]
 #define printf xil_printf;
                ^
../src/helloworld.c:179:5: note: in expansion of macro 'printf'
     printf("Enabling Sample generator....\r\n");
     ^
../src/helloworld.c:179:11: warning: statement with no effect [-Wunused-value]
     printf("Enabling Sample generator....\r\n");
           ^
../src/helloworld.c:55:16: warning: statement with no effect [-Wunused-value]
 #define printf xil_printf;
                ^
../src/helloworld.c:183:5: note: in expansion of macro 'printf'
     printf("Enabling Interrupts and Interrupt handling....\r\n");
     ^
../src/helloworld.c:183:11: warning: statement with no effect [-Wunused-value]
     printf("Enabling Interrupts and Interrupt handling....\r\n");
           ^
make: *** [src/helloworld.o] Error 1
16:57:59 **** Auto Build of configuration Debug for project hello_world ****
make pre-build main-build 
a9-linaro-pre-build-step
' '
'Building file: ../src/helloworld.c'
'Invoking: ARM v7 gcc compiler'
arm-none-eabi-gcc -Wall -O0 -g3 -c -fmessage-length=0 -MT"src/helloworld.o" -mcpu=cortex-a9 -mfpu=vfpv3 -mfloat-abi=hard -I../../hello_world_bsp/ps7_cortexa9_0/include -MMD -MP -MF"src/helloworld.d" -MT"src/helloworld.o" -o "src/helloworld.o" "../src/helloworld.c"
../src/helloworld.c: In function 'Initialize_AXI_DMA':
../src/helloworld.c:55:16: warning: statement with no effect [-Wunused-value]
 #define printf xil_printf;
                ^
../src/helloworld.c:72:2: note: in expansion of macro 'printf'
  printf("Value for DMA control register : %x \r\n", tempval);
  ^
../src/helloworld.c:72:51: warning: left-hand operand of comma expression has no effect [-Wunused-value]
  printf("Value for DMA control register : %x \r\n", tempval);
                                                   ^
../src/helloworld.c:72:8: warning: statement with no effect [-Wunused-value]
  printf("Value for DMA control register : %x \r\n", tempval);
        ^
../src/helloworld.c: In function 'InterruptHandler':
../src/helloworld.c:110:2: error: 'global_frame_counter' undeclared (first use in this function)
  global_frame_counter++;
  ^
../src/helloworld.c:110:2: note: each undeclared identifier is reported only once for each function it appears in
../src/helloworld.c:55:16: warning: statement with no effect [-Wunused-value]
 #define printf xil_printf;
                ^
../src/helloworld.c:113:3: note: in expansion of macro 'printf'
   printf("Frame Number : %d \r\n", global_frame_counter);
   ^
../src/helloworld.c:113:34: warning: left-hand operand of comma expression has no effect [-Wunused-value]
   printf("Frame Number : %d \r\n", global_frame_counter);
                                  ^
../src/helloworld.c:118:2: warning: implicit declaration of function 'StartDMATransfer' [-Wimplicit-function-declaration]
  StartDMATransfer(0xa000000, 256);
  ^
../src/helloworld.c: In function 'Setup_Interrupt_System':
../src/helloworld.c:128:75: error: 'XScuGicInterruptHandler' undeclared (first use in this function)
  Xil_ExceptionRegisterHandler(XIL_EXCEPTION_ID_INT, (Xil_ExceptionHandler)XScuGicInterruptHandler, XScuGicInstancePtr);
                                                                           ^
../src/helloworld.c: In function 'Initialize_Interrupt_System':
../src/helloworld.c:138:5: warning: type of 'deviceID' defaults to 'int' [-Wimplicit-int]
 int Initialize_Interrupt_System(deviceID)
     ^
../src/helloworld.c:142:2: error: 'GicConfig' undeclared (first use in this function)
  GicConfig = XScuGic_LookupConfig(deviceID);
  ^
../src/helloworld.c:148:35: error: 'InterruptController' undeclared (first use in this function)
  Status = XScuGic_CfgInitialize (&InterruptController, GicConfig, GicConfig->CpuBaseAddress);
                                   ^
../src/helloworld.c: In function 'main':
../src/helloworld.c:55:16: warning: statement with no effect [-Wunused-value]
 #define printf xil_printf;
                ^
../src/helloworld.c:179:5: note: in expansion of macro 'printf'
     printf("Hello World\n\r");
     ^
../src/helloworld.c:179:11: warning: statement with no effect [-Wunused-value]
     printf("Hello World\n\r");
           ^
../src/helloworld.c:55:16: warning: statement with no effect [-Wunused-value]
 #define printf xil_printf;
                ^
../src/helloworld.c:185:5: note: in expansion of macro 'printf'
     printf("Initializing AXI-DMA....\r\n");
     ^
../src/helloworld.c:185:11: warning: statement with no effect [-Wunused-value]
     printf("Initializing AXI-DMA....\r\n");
           ^
../src/helloworld.c:55:16: warning: statement with no effect [-Wunused-value]
 #define printf xil_printf;
                ^
../src/helloworld.c:189:5: note: in expansion of macro 'printf'
     printf("Enabling Sample generator....\r\n");
     ^
../src/helloworld.c:189:11: warning: statement with no effect [-Wunused-value]
     printf("Enabling Sample generator....\r\n");
           ^
../src/helloworld.c:55:16: warning: statement with no effect [-Wunused-value]
 #define printf xil_printf;
                ^
../src/helloworld.c:193:5: note: in expansion of macro 'printf'
     printf("Enabling Interrupts and Interrupt handling....\r\n");
     ^
../src/helloworld.c:193:11: warning: statement with no effect [-Wunused-value]
     printf("Enabling Interrupts and Interrupt handling....\r\n");
           ^
make: *** [src/helloworld.o] Error 1
16:59:51 **** Auto Build of configuration Debug for project hello_world ****
make pre-build main-build 
a9-linaro-pre-build-step
' '
'Building file: ../src/helloworld.c'
'Invoking: ARM v7 gcc compiler'
arm-none-eabi-gcc -Wall -O0 -g3 -c -fmessage-length=0 -MT"src/helloworld.o" -mcpu=cortex-a9 -mfpu=vfpv3 -mfloat-abi=hard -I../../hello_world_bsp/ps7_cortexa9_0/include -MMD -MP -MF"src/helloworld.d" -MT"src/helloworld.o" -o "src/helloworld.o" "../src/helloworld.c"
../src/helloworld.c: In function 'Initialize_AXI_DMA':
../src/helloworld.c:55:16: warning: statement with no effect [-Wunused-value]
 #define printf xil_printf;
                ^
../src/helloworld.c:76:2: note: in expansion of macro 'printf'
  printf("Value for DMA control register : %x \r\n", tempval);
  ^
../src/helloworld.c:76:51: warning: left-hand operand of comma expression has no effect [-Wunused-value]
  printf("Value for DMA control register : %x \r\n", tempval);
                                                   ^
../src/helloworld.c:76:8: warning: statement with no effect [-Wunused-value]
  printf("Value for DMA control register : %x \r\n", tempval);
        ^
../src/helloworld.c: In function 'InterruptHandler':
../src/helloworld.c:55:16: warning: statement with no effect [-Wunused-value]
 #define printf xil_printf;
                ^
../src/helloworld.c:117:3: note: in expansion of macro 'printf'
   printf("Frame Number : %d \r\n", global_frame_counter);
   ^
../src/helloworld.c:117:34: warning: left-hand operand of comma expression has no effect [-Wunused-value]
   printf("Frame Number : %d \r\n", global_frame_counter);
                                  ^
../src/helloworld.c:117:9: warning: statement with no effect [-Wunused-value]
   printf("Frame Number : %d \r\n", global_frame_counter);
         ^
../src/helloworld.c:122:2: warning: implicit declaration of function 'StartDMATransfer' [-Wimplicit-function-declaration]
  StartDMATransfer(0xa000000, 256);
  ^
../src/helloworld.c: In function 'Setup_Interrupt_System':
../src/helloworld.c:132:75: error: 'XScuGicInterruptHandler' undeclared (first use in this function)
  Xil_ExceptionRegisterHandler(XIL_EXCEPTION_ID_INT, (Xil_ExceptionHandler)XScuGicInterruptHandler, XScuGicInstancePtr);
                                                                           ^
../src/helloworld.c:132:75: note: each undeclared identifier is reported only once for each function it appears in
../src/helloworld.c: In function 'Initialize_Interrupt_System':
../src/helloworld.c:142:5: warning: type of 'deviceID' defaults to 'int' [-Wimplicit-int]
 int Initialize_Interrupt_System(deviceID)
     ^
../src/helloworld.c: In function 'main':
../src/helloworld.c:55:16: warning: statement with no effect [-Wunused-value]
 #define printf xil_printf;
                ^
../src/helloworld.c:183:5: note: in expansion of macro 'printf'
     printf("Hello World\n\r");
     ^
../src/helloworld.c:183:11: warning: statement with no effect [-Wunused-value]
     printf("Hello World\n\r");
           ^
../src/helloworld.c:55:16: warning: statement with no effect [-Wunused-value]
 #define printf xil_printf;
                ^
../src/helloworld.c:189:5: note: in expansion of macro 'printf'
     printf("Initializing AXI-DMA....\r\n");
     ^
../src/helloworld.c:189:11: warning: statement with no effect [-Wunused-value]
     printf("Initializing AXI-DMA....\r\n");
           ^
../src/helloworld.c:55:16: warning: statement with no effect [-Wunused-value]
 #define printf xil_printf;
                ^
../src/helloworld.c:193:5: note: in expansion of macro 'printf'
     printf("Enabling Sample generator....\r\n");
     ^
../src/helloworld.c:193:11: warning: statement with no effect [-Wunused-value]
     printf("Enabling Sample generator....\r\n");
           ^
../src/helloworld.c:55:16: warning: statement with no effect [-Wunused-value]
 #define printf xil_printf;
                ^
../src/helloworld.c:197:5: note: in expansion of macro 'printf'
     printf("Enabling Interrupts and Interrupt handling....\r\n");
     ^
../src/helloworld.c:197:11: warning: statement with no effect [-Wunused-value]
     printf("Enabling Interrupts and Interrupt handling....\r\n");
           ^
make: *** [src/helloworld.o] Error 1
17:01:15 **** Auto Build of configuration Debug for project hello_world ****
make pre-build main-build 
a9-linaro-pre-build-step
' '
'Building file: ../src/helloworld.c'
'Invoking: ARM v7 gcc compiler'
arm-none-eabi-gcc -Wall -O0 -g3 -c -fmessage-length=0 -MT"src/helloworld.o" -mcpu=cortex-a9 -mfpu=vfpv3 -mfloat-abi=hard -I../../hello_world_bsp/ps7_cortexa9_0/include -MMD -MP -MF"src/helloworld.d" -MT"src/helloworld.o" -o "src/helloworld.o" "../src/helloworld.c"
../src/helloworld.c: In function 'Initialize_AXI_DMA':
../src/helloworld.c:55:16: warning: statement with no effect [-Wunused-value]
 #define printf xil_printf;
                ^
../src/helloworld.c:76:2: note: in expansion of macro 'printf'
  printf("Value for DMA control register : %x \r\n", tempval);
  ^
../src/helloworld.c:76:51: warning: left-hand operand of comma expression has no effect [-Wunused-value]
  printf("Value for DMA control register : %x \r\n", tempval);
                                                   ^
../src/helloworld.c:76:8: warning: statement with no effect [-Wunused-value]
  printf("Value for DMA control register : %x \r\n", tempval);
        ^
../src/helloworld.c: In function 'InterruptHandler':
../src/helloworld.c:55:16: warning: statement with no effect [-Wunused-value]
 #define printf xil_printf;
                ^
../src/helloworld.c:117:3: note: in expansion of macro 'printf'
   printf("Frame Number : %d \r\n", global_frame_counter);
   ^
../src/helloworld.c:117:34: warning: left-hand operand of comma expression has no effect [-Wunused-value]
   printf("Frame Number : %d \r\n", global_frame_counter);
                                  ^
../src/helloworld.c:117:9: warning: statement with no effect [-Wunused-value]
   printf("Frame Number : %d \r\n", global_frame_counter);
         ^
../src/helloworld.c:122:2: warning: implicit declaration of function 'StartDMATransfer' [-Wimplicit-function-declaration]
  StartDMATransfer(0xa000000, 256);
  ^
../src/helloworld.c: In function 'Initialize_Interrupt_System':
../src/helloworld.c:142:5: warning: type of 'deviceID' defaults to 'int' [-Wimplicit-int]
 int Initialize_Interrupt_System(deviceID)
     ^
../src/helloworld.c: In function 'main':
../src/helloworld.c:55:16: warning: statement with no effect [-Wunused-value]
 #define printf xil_printf;
                ^
../src/helloworld.c:183:5: note: in expansion of macro 'printf'
     printf("Hello World\n\r");
     ^
../src/helloworld.c:183:11: warning: statement with no effect [-Wunused-value]
     printf("Hello World\n\r");
           ^
../src/helloworld.c:55:16: warning: statement with no effect [-Wunused-value]
 #define printf xil_printf;
                ^
../src/helloworld.c:189:5: note: in expansion of macro 'printf'
     printf("Initializing AXI-DMA....\r\n");
     ^
../src/helloworld.c:189:11: warning: statement with no effect [-Wunused-value]
     printf("Initializing AXI-DMA....\r\n");
           ^
../src/helloworld.c:55:16: warning: statement with no effect [-Wunused-value]
 #define printf xil_printf;
                ^
../src/helloworld.c:193:5: note: in expansion of macro 'printf'
     printf("Enabling Sample generator....\r\n");
     ^
../src/helloworld.c:193:11: warning: statement with no effect [-Wunused-value]
     printf("Enabling Sample generator....\r\n");
           ^
../src/helloworld.c:55:16: warning: statement with no effect [-Wunused-value]
 #define printf xil_printf;
                ^
../src/helloworld.c:197:5: note: in expansion of macro 'printf'
     printf("Enabling Interrupts and Interrupt handling....\r\n");
     ^
../src/helloworld.c:197:11: warning: statement with no effect [-Wunused-value]
     printf("Enabling Interrupts and Interrupt handling....\r\n");
           ^
'Finished building: ../src/helloworld.c'
' '
'Building target: hello_world.elf'
'Invoking: ARM v7 gcc linker'
arm-none-eabi-gcc -mcpu=cortex-a9 -mfpu=vfpv3 -mfloat-abi=hard -Wl,-build-id=none -specs=Xilinx.spec -Wl,-T -Wl,../src/lscript.ld -L../../hello_world_bsp/ps7_cortexa9_0/lib -o "hello_world.elf"  ./src/helloworld.o ./src/platform.o ./src/ps7_init.o   -Wl,--start-group,-lxil,-lgcc,-lc,--end-group
./src/helloworld.o: In function `InterruptHandler':
C:\Users\kab\Desktop\workspace\ZedBoard_DMA_SampleGenerator\ZedBoard_DMA_SampleGenerator.sdk\hello_world\Debug/../src/helloworld.c:122: undefined reference to `StartDMATransfer'
collect2.exe: error: ld returned 1 exit status
make: *** [hello_world.elf] Error 1
17:05:37 **** Auto Build of configuration Debug for project hello_world ****
make pre-build main-build 
a9-linaro-pre-build-step
' '
'Building file: ../src/helloworld.c'
'Invoking: ARM v7 gcc compiler'
arm-none-eabi-gcc -Wall -O0 -g3 -c -fmessage-length=0 -MT"src/helloworld.o" -mcpu=cortex-a9 -mfpu=vfpv3 -mfloat-abi=hard -I../../hello_world_bsp/ps7_cortexa9_0/include -MMD -MP -MF"src/helloworld.d" -MT"src/helloworld.o" -o "src/helloworld.o" "../src/helloworld.c"
../src/helloworld.c: In function 'Initialize_AXI_DMA':
../src/helloworld.c:55:16: warning: statement with no effect [-Wunused-value]
 #define printf xil_printf;
                ^
../src/helloworld.c:76:2: note: in expansion of macro 'printf'
  printf("Value for DMA control register : %x \r\n", tempval);
  ^
../src/helloworld.c:76:51: warning: left-hand operand of comma expression has no effect [-Wunused-value]
  printf("Value for DMA control register : %x \r\n", tempval);
                                                   ^
../src/helloworld.c:76:8: warning: statement with no effect [-Wunused-value]
  printf("Value for DMA control register : %x \r\n", tempval);
        ^
../src/helloworld.c: In function 'InterruptHandler':
../src/helloworld.c:55:16: warning: statement with no effect [-Wunused-value]
 #define printf xil_printf;
                ^
../src/helloworld.c:117:3: note: in expansion of macro 'printf'
   printf("Frame Number : %d \r\n", global_frame_counter);
   ^
../src/helloworld.c:117:34: warning: left-hand operand of comma expression has no effect [-Wunused-value]
   printf("Frame Number : %d \r\n", global_frame_counter);
                                  ^
../src/helloworld.c:117:9: warning: statement with no effect [-Wunused-value]
   printf("Frame Number : %d \r\n", global_frame_counter);
         ^
../src/helloworld.c:122:2: warning: implicit declaration of function 'Start_DMA_Transfer' [-Wimplicit-function-declaration]
  Start_DMA_Transfer(0xa000000, 256);
  ^
../src/helloworld.c: At top level:
../src/helloworld.c:130:6: warning: conflicting types for 'Start_DMA_Transfer'
 void Start_DMA_Transfer(unsigned int dstAddress, unsigned int len)
      ^
../src/helloworld.c:122:2: note: previous implicit declaration of 'Start_DMA_Transfer' was here
  Start_DMA_Transfer(0xa000000, 256);
  ^
../src/helloworld.c: In function 'Initialize_Interrupt_System':
../src/helloworld.c:152:5: warning: type of 'deviceID' defaults to 'int' [-Wimplicit-int]
 int Initialize_Interrupt_System(deviceID)
     ^
../src/helloworld.c: In function 'main':
../src/helloworld.c:55:16: warning: statement with no effect [-Wunused-value]
 #define printf xil_printf;
                ^
../src/helloworld.c:193:5: note: in expansion of macro 'printf'
     printf("Hello World\n\r");
     ^
../src/helloworld.c:193:11: warning: statement with no effect [-Wunused-value]
     printf("Hello World\n\r");
           ^
../src/helloworld.c:55:16: warning: statement with no effect [-Wunused-value]
 #define printf xil_printf;
                ^
../src/helloworld.c:199:5: note: in expansion of macro 'printf'
     printf("Initializing AXI-DMA....\r\n");
     ^
../src/helloworld.c:199:11: warning: statement with no effect [-Wunused-value]
     printf("Initializing AXI-DMA....\r\n");
           ^
../src/helloworld.c:55:16: warning: statement with no effect [-Wunused-value]
 #define printf xil_printf;
                ^
../src/helloworld.c:203:5: note: in expansion of macro 'printf'
     printf("Enabling Sample generator....\r\n");
     ^
../src/helloworld.c:203:11: warning: statement with no effect [-Wunused-value]
     printf("Enabling Sample generator....\r\n");
           ^
../src/helloworld.c:55:16: warning: statement with no effect [-Wunused-value]
 #define printf xil_printf;
                ^
../src/helloworld.c:207:5: note: in expansion of macro 'printf'
     printf("Enabling Interrupts and Interrupt handling....\r\n");
     ^
../src/helloworld.c:207:11: warning: statement with no effect [-Wunused-value]
     printf("Enabling Interrupts and Interrupt handling....\r\n");
           ^
'Finished building: ../src/helloworld.c'
' '
'Building target: hello_world.elf'
'Invoking: ARM v7 gcc linker'
arm-none-eabi-gcc -mcpu=cortex-a9 -mfpu=vfpv3 -mfloat-abi=hard -Wl,-build-id=none -specs=Xilinx.spec -Wl,-T -Wl,../src/lscript.ld -L../../hello_world_bsp/ps7_cortexa9_0/lib -o "hello_world.elf"  ./src/helloworld.o ./src/platform.o ./src/ps7_init.o   -Wl,--start-group,-lxil,-lgcc,-lc,--end-group
'Finished building target: hello_world.elf'
' '
'Invoking: ARM v7 Print Size'
arm-none-eabi-size hello_world.elf  |tee "hello_world.elf.size"
   text	   data	    bss	    dec	    hex	filename
  27864	  12908	  22600	  63372	   f78c	hello_world.elf
'Finished building: hello_world.elf.size'
' '
17:11:43 **** Auto Build of configuration Debug for project hello_world ****
make pre-build main-build 
a9-linaro-pre-build-step
' '
'Building file: ../src/helloworld.c'
'Invoking: ARM v7 gcc compiler'
arm-none-eabi-gcc -Wall -O0 -g3 -c -fmessage-length=0 -MT"src/helloworld.o" -mcpu=cortex-a9 -mfpu=vfpv3 -mfloat-abi=hard -I../../hello_world_bsp/ps7_cortexa9_0/include -MMD -MP -MF"src/helloworld.d" -MT"src/helloworld.o" -o "src/helloworld.o" "../src/helloworld.c"
../src/helloworld.c: In function 'Initialize_AXI_DMA':
../src/helloworld.c:55:16: warning: statement with no effect [-Wunused-value]
 #define printf xil_printf;
                ^
../src/helloworld.c:76:2: note: in expansion of macro 'printf'
  printf("Value for DMA control register : %x \r\n", tempval);
  ^
../src/helloworld.c:76:51: warning: left-hand operand of comma expression has no effect [-Wunused-value]
  printf("Value for DMA control register : %x \r\n", tempval);
                                                   ^
../src/helloworld.c:76:8: warning: statement with no effect [-Wunused-value]
  printf("Value for DMA control register : %x \r\n", tempval);
        ^
../src/helloworld.c: In function 'InterruptHandler':
../src/helloworld.c:55:16: warning: statement with no effect [-Wunused-value]
 #define printf xil_printf;
                ^
../src/helloworld.c:117:3: note: in expansion of macro 'printf'
   printf("Frame Number : %d \r\n", global_frame_counter);
   ^
../src/helloworld.c:117:34: warning: left-hand operand of comma expression has no effect [-Wunused-value]
   printf("Frame Number : %d \r\n", global_frame_counter);
                                  ^
../src/helloworld.c:117:9: warning: statement with no effect [-Wunused-value]
   printf("Frame Number : %d \r\n", global_frame_counter);
         ^
../src/helloworld.c:122:2: warning: implicit declaration of function 'Start_DMA_Transfer' [-Wimplicit-function-declaration]
  Start_DMA_Transfer(0xa000000, 256);
  ^
../src/helloworld.c: At top level:
../src/helloworld.c:130:6: warning: conflicting types for 'Start_DMA_Transfer'
 void Start_DMA_Transfer(unsigned int dstAddress, unsigned int len)
      ^
../src/helloworld.c:122:2: note: previous implicit declaration of 'Start_DMA_Transfer' was here
  Start_DMA_Transfer(0xa000000, 256);
  ^
../src/helloworld.c: In function 'Initialize_Interrupt_System':
../src/helloworld.c:156:5: warning: type of 'deviceID' defaults to 'int' [-Wimplicit-int]
 int Initialize_Interrupt_System(deviceID)
     ^
../src/helloworld.c: In function 'main':
../src/helloworld.c:55:16: warning: statement with no effect [-Wunused-value]
 #define printf xil_printf;
                ^
../src/helloworld.c:197:5: note: in expansion of macro 'printf'
     printf("Hello World\n\r");
     ^
../src/helloworld.c:197:11: warning: statement with no effect [-Wunused-value]
     printf("Hello World\n\r");
           ^
../src/helloworld.c:55:16: warning: statement with no effect [-Wunused-value]
 #define printf xil_printf;
                ^
../src/helloworld.c:203:5: note: in expansion of macro 'printf'
     printf("Initializing AXI-DMA....\r\n");
     ^
../src/helloworld.c:203:11: warning: statement with no effect [-Wunused-value]
     printf("Initializing AXI-DMA....\r\n");
           ^
../src/helloworld.c:55:16: warning: statement with no effect [-Wunused-value]
 #define printf xil_printf;
                ^
../src/helloworld.c:207:5: note: in expansion of macro 'printf'
     printf("Enabling Sample generator....\r\n");
     ^
../src/helloworld.c:207:11: warning: statement with no effect [-Wunused-value]
     printf("Enabling Sample generator....\r\n");
           ^
../src/helloworld.c:55:16: warning: statement with no effect [-Wunused-value]
 #define printf xil_printf;
                ^
../src/helloworld.c:211:5: note: in expansion of macro 'printf'
     printf("Enabling Interrupts and Interrupt handling....\r\n");
     ^
../src/helloworld.c:211:11: warning: statement with no effect [-Wunused-value]
     printf("Enabling Interrupts and Interrupt handling....\r\n");
           ^
../src/helloworld.c:55:16: warning: statement with no effect [-Wunused-value]
 #define printf xil_printf;
                ^
../src/helloworld.c:215:5: note: in expansion of macro 'printf'
     printf("To perform first DMA transfer, press any key....\r\n");
     ^
../src/helloworld.c:215:11: warning: statement with no effect [-Wunused-value]
     printf("To perform first DMA transfer, press any key....\r\n");
           ^
'Finished building: ../src/helloworld.c'
' '
'Building target: hello_world.elf'
'Invoking: ARM v7 gcc linker'
arm-none-eabi-gcc -mcpu=cortex-a9 -mfpu=vfpv3 -mfloat-abi=hard -Wl,-build-id=none -specs=Xilinx.spec -Wl,-T -Wl,../src/lscript.ld -L../../hello_world_bsp/ps7_cortexa9_0/lib -o "hello_world.elf"  ./src/helloworld.o ./src/platform.o ./src/ps7_init.o   -Wl,--start-group,-lxil,-lgcc,-lc,--end-group
'Finished building target: hello_world.elf'
' '
'Invoking: ARM v7 Print Size'
arm-none-eabi-size hello_world.elf  |tee "hello_world.elf.size"
   text	   data	    bss	    dec	    hex	filename
  35544	  13948	  22664	  72156	  119dc	hello_world.elf
'Finished building: hello_world.elf.size'
' '
17:16:01 **** Incremental Build of configuration Debug for project hello_world ****
make pre-build main-build 
a9-linaro-pre-build-step
' '
make: Nothing to be done for `main-build'.
17:17:36 **** Incremental Build of configuration Debug for project hello_world ****
make pre-build main-build 
a9-linaro-pre-build-step
' '
'Building file: ../src/helloworld.c'
'Invoking: ARM v7 gcc compiler'
arm-none-eabi-gcc -Wall -O0 -g3 -c -fmessage-length=0 -MT"src/helloworld.o" -mcpu=cortex-a9 -mfpu=vfpv3 -mfloat-abi=hard -I../../hello_world_bsp/ps7_cortexa9_0/include -MMD -MP -MF"src/helloworld.d" -MT"src/helloworld.o" -o "src/helloworld.o" "../src/helloworld.c"
../src/helloworld.c: In function 'Initialize_AXI_DMA':
../src/helloworld.c:55:16: warning: statement with no effect [-Wunused-value]
 #define printf xil_printf;
                ^
../src/helloworld.c:76:2: note: in expansion of macro 'printf'
  printf("Value for DMA control register : %x \r\n", tempval);
  ^
../src/helloworld.c:76:51: warning: left-hand operand of comma expression has no effect [-Wunused-value]
  printf("Value for DMA control register : %x \r\n", tempval);
                                                   ^
../src/helloworld.c:76:8: warning: statement with no effect [-Wunused-value]
  printf("Value for DMA control register : %x \r\n", tempval);
        ^
../src/helloworld.c: In function 'InterruptHandler':
../src/helloworld.c:55:16: warning: statement with no effect [-Wunused-value]
 #define printf xil_printf;
                ^
../src/helloworld.c:117:3: note: in expansion of macro 'printf'
   printf("Frame Number : %d \r\n", global_frame_counter);
   ^
../src/helloworld.c:117:34: warning: left-hand operand of comma expression has no effect [-Wunused-value]
   printf("Frame Number : %d \r\n", global_frame_counter);
                                  ^
../src/helloworld.c:117:9: warning: statement with no effect [-Wunused-value]
   printf("Frame Number : %d \r\n", global_frame_counter);
         ^
../src/helloworld.c:122:2: warning: implicit declaration of function 'Start_DMA_Transfer' [-Wimplicit-function-declaration]
  Start_DMA_Transfer(0xa000000, 256);
  ^
../src/helloworld.c: At top level:
../src/helloworld.c:130:6: warning: conflicting types for 'Start_DMA_Transfer'
 void Start_DMA_Transfer(unsigned int dstAddress, unsigned int len)
      ^
../src/helloworld.c:122:2: note: previous implicit declaration of 'Start_DMA_Transfer' was here
  Start_DMA_Transfer(0xa000000, 256);
  ^
../src/helloworld.c: In function 'Initialize_Interrupt_System':
../src/helloworld.c:156:5: warning: type of 'deviceID' defaults to 'int' [-Wimplicit-int]
 int Initialize_Interrupt_System(deviceID)
     ^
../src/helloworld.c: In function 'main':
../src/helloworld.c:55:16: warning: statement with no effect [-Wunused-value]
 #define printf xil_printf;
                ^
../src/helloworld.c:195:5: note: in expansion of macro 'printf'
     printf("Hello World\n\r");
     ^
../src/helloworld.c:195:11: warning: statement with no effect [-Wunused-value]
     printf("Hello World\n\r");
           ^
../src/helloworld.c:55:16: warning: statement with no effect [-Wunused-value]
 #define printf xil_printf;
                ^
../src/helloworld.c:201:5: note: in expansion of macro 'printf'
     printf("Initializing AXI-DMA....\r\n");
     ^
../src/helloworld.c:201:11: warning: statement with no effect [-Wunused-value]
     printf("Initializing AXI-DMA....\r\n");
           ^
../src/helloworld.c:55:16: warning: statement with no effect [-Wunused-value]
 #define printf xil_printf;
                ^
../src/helloworld.c:205:5: note: in expansion of macro 'printf'
     printf("Enabling Sample generator....\r\n");
     ^
../src/helloworld.c:205:11: warning: statement with no effect [-Wunused-value]
     printf("Enabling Sample generator....\r\n");
           ^
../src/helloworld.c:55:16: warning: statement with no effect [-Wunused-value]
 #define printf xil_printf;
                ^
../src/helloworld.c:209:5: note: in expansion of macro 'printf'
     printf("Enabling Interrupts and Interrupt handling....\r\n");
     ^
../src/helloworld.c:209:11: warning: statement with no effect [-Wunused-value]
     printf("Enabling Interrupts and Interrupt handling....\r\n");
           ^
../src/helloworld.c:55:16: warning: statement with no effect [-Wunused-value]
 #define printf xil_printf;
                ^
../src/helloworld.c:213:5: note: in expansion of macro 'printf'
     printf("To perform first DMA transfer, press any key....\r\n");
     ^
../src/helloworld.c:213:11: warning: statement with no effect [-Wunused-value]
     printf("To perform first DMA transfer, press any key....\r\n");
           ^
'Finished building: ../src/helloworld.c'
' '
'Building target: hello_world.elf'
'Invoking: ARM v7 gcc linker'
arm-none-eabi-gcc -mcpu=cortex-a9 -mfpu=vfpv3 -mfloat-abi=hard -Wl,-build-id=none -specs=Xilinx.spec -Wl,-T -Wl,../src/lscript.ld -L../../hello_world_bsp/ps7_cortexa9_0/lib -o "hello_world.elf"  ./src/helloworld.o ./src/platform.o ./src/ps7_init.o   -Wl,--start-group,-lxil,-lgcc,-lc,--end-group
'Finished building target: hello_world.elf'
' '
'Invoking: ARM v7 Print Size'
arm-none-eabi-size hello_world.elf  |tee "hello_world.elf.size"
   text	   data	    bss	    dec	    hex	filename
  35540	  13948	  22664	  72152	  119d8	hello_world.elf
'Finished building: hello_world.elf.size'
' '
17:18:23 **** Auto Build of configuration Debug for project hello_world ****
make pre-build main-build 
a9-linaro-pre-build-step
' '
'Building file: ../src/helloworld.c'
'Invoking: ARM v7 gcc compiler'
arm-none-eabi-gcc -Wall -O0 -g3 -c -fmessage-length=0 -MT"src/helloworld.o" -mcpu=cortex-a9 -mfpu=vfpv3 -mfloat-abi=hard -I../../hello_world_bsp/ps7_cortexa9_0/include -MMD -MP -MF"src/helloworld.d" -MT"src/helloworld.o" -o "src/helloworld.o" "../src/helloworld.c"
../src/helloworld.c: In function 'InterruptHandler':
../src/helloworld.c:115:10: warning: format '%d' expects argument of type 'int', but argument 2 has type 'u32 {aka long unsigned int}' [-Wformat=]
   printf("Frame Number : %d \r\n", global_frame_counter);
          ^
../src/helloworld.c:115:10: warning: format '%d' expects argument of type 'int', but argument 2 has type 'u32 {aka long unsigned int}' [-Wformat=]
../src/helloworld.c:120:2: warning: implicit declaration of function 'Start_DMA_Transfer' [-Wimplicit-function-declaration]
  Start_DMA_Transfer(0xa000000, 256);
  ^
../src/helloworld.c: At top level:
../src/helloworld.c:128:6: warning: conflicting types for 'Start_DMA_Transfer'
 void Start_DMA_Transfer(unsigned int dstAddress, unsigned int len)
      ^
../src/helloworld.c:120:2: note: previous implicit declaration of 'Start_DMA_Transfer' was here
  Start_DMA_Transfer(0xa000000, 256);
  ^
../src/helloworld.c: In function 'Initialize_Interrupt_System':
../src/helloworld.c:154:5: warning: type of 'deviceID' defaults to 'int' [-Wimplicit-int]
 int Initialize_Interrupt_System(deviceID)
     ^
'Finished building: ../src/helloworld.c'
' '
'Building target: hello_world.elf'
'Invoking: ARM v7 gcc linker'
arm-none-eabi-gcc -mcpu=cortex-a9 -mfpu=vfpv3 -mfloat-abi=hard -Wl,-build-id=none -specs=Xilinx.spec -Wl,-T -Wl,../src/lscript.ld -L../../hello_world_bsp/ps7_cortexa9_0/lib -o "hello_world.elf"  ./src/helloworld.o ./src/platform.o ./src/ps7_init.o   -Wl,--start-group,-lxil,-lgcc,-lc,--end-group
'Finished building target: hello_world.elf'
' '
'Invoking: ARM v7 Print Size'
arm-none-eabi-size hello_world.elf  |tee "hello_world.elf.size"
   text	   data	    bss	    dec	    hex	filename
  81700	  14344	  23360	 119404	  1d26c	hello_world.elf
'Finished building: hello_world.elf.size'
' '
17:18:27 **** Incremental Build of configuration Debug for project hello_world ****
make pre-build main-build 
a9-linaro-pre-build-step
' '
make: Nothing to be done for `main-build'.
